Component: ARM Compiler 5.05 update 1 (build 106) Tool: armlink [4d0efa]

==============================================================================

Section Cross References

    startup_stm32f103xb.o(STACK) refers (Special) to heapauxi.o(.text) for __use_two_region_memory
    startup_stm32f103xb.o(HEAP) refers (Special) to heapauxi.o(.text) for __use_two_region_memory
    startup_stm32f103xb.o(RESET) refers (Special) to heapauxi.o(.text) for __use_two_region_memory
    startup_stm32f103xb.o(RESET) refers to startup_stm32f103xb.o(STACK) for __initial_sp
    startup_stm32f103xb.o(RESET) refers to startup_stm32f103xb.o(.text) for Reset_Handler
    startup_stm32f103xb.o(RESET) refers to stm32f1xx_it.o(i.NMI_Handler) for NMI_Handler
    startup_stm32f103xb.o(RESET) refers to stm32f1xx_it.o(i.HardFault_Handler) for HardFault_Handler
    startup_stm32f103xb.o(RESET) refers to stm32f1xx_it.o(i.MemManage_Handler) for MemManage_Handler
    startup_stm32f103xb.o(RESET) refers to stm32f1xx_it.o(i.BusFault_Handler) for BusFault_Handler
    startup_stm32f103xb.o(RESET) refers to stm32f1xx_it.o(i.UsageFault_Handler) for UsageFault_Handler
    startup_stm32f103xb.o(RESET) refers to stm32f1xx_it.o(i.SVC_Handler) for SVC_Handler
    startup_stm32f103xb.o(RESET) refers to stm32f1xx_it.o(i.DebugMon_Handler) for DebugMon_Handler
    startup_stm32f103xb.o(RESET) refers to stm32f1xx_it.o(i.PendSV_Handler) for PendSV_Handler
    startup_stm32f103xb.o(RESET) refers to stm32f1xx_it.o(i.SysTick_Handler) for SysTick_Handler
    startup_stm32f103xb.o(RESET) refers to stm32f1xx_it.o(i.DMA1_Channel1_IRQHandler) for DMA1_Channel1_IRQHandler
    startup_stm32f103xb.o(RESET) refers to stm32f1xx_it.o(i.ADC1_2_IRQHandler) for ADC1_2_IRQHandler
    startup_stm32f103xb.o(RESET) refers to stm32f1xx_it.o(i.USART1_IRQHandler) for USART1_IRQHandler
    startup_stm32f103xb.o(.text) refers (Special) to heapauxi.o(.text) for __use_two_region_memory
    startup_stm32f103xb.o(.text) refers to system_stm32f1xx.o(i.SystemInit) for SystemInit
    startup_stm32f103xb.o(.text) refers to __main.o(!!!main) for __main
    startup_stm32f103xb.o(.text) refers to startup_stm32f103xb.o(HEAP) for Heap_Mem
    startup_stm32f103xb.o(.text) refers to startup_stm32f103xb.o(STACK) for Stack_Mem
    main.o(i.HAL_ADC_ConvCpltCallback) refers to _printf_percent.o(.ARM.Collect$$_printf_percent$$00000000) for _printf_percent
    main.o(i.HAL_ADC_ConvCpltCallback) refers to _printf_f.o(.ARM.Collect$$_printf_percent$$00000003) for _printf_f
    main.o(i.HAL_ADC_ConvCpltCallback) refers to printf1.o(x$fpl$printf1) for _printf_fp_dec
    main.o(i.HAL_ADC_ConvCpltCallback) refers to data_handle.o(i.Data_handle) for Data_handle
    main.o(i.HAL_ADC_ConvCpltCallback) refers to fflt_clz.o(x$fpl$ffltu) for __aeabi_ui2f
    main.o(i.HAL_ADC_ConvCpltCallback) refers to fdiv.o(x$fpl$fdiv) for __aeabi_fdiv
    main.o(i.HAL_ADC_ConvCpltCallback) refers to f2d.o(x$fpl$f2d) for __aeabi_f2d
    main.o(i.HAL_ADC_ConvCpltCallback) refers to ddiv.o(x$fpl$ddiv) for __aeabi_ddiv
    main.o(i.HAL_ADC_ConvCpltCallback) refers to daddsub_clz.o(x$fpl$dadd) for __aeabi_dadd
    main.o(i.HAL_ADC_ConvCpltCallback) refers to dac8830.o(i.DAC8830_WriteDate) for DAC8830_WriteDate
    main.o(i.HAL_ADC_ConvCpltCallback) refers to delay.o(i.delay_ms) for delay_ms
    main.o(i.HAL_ADC_ConvCpltCallback) refers to data_handle.o(i.lock) for lock
    main.o(i.HAL_ADC_ConvCpltCallback) refers to daddsub_clz.o(x$fpl$dsub) for __aeabi_dsub
    main.o(i.HAL_ADC_ConvCpltCallback) refers to data_handle.o(i.ADC_Start) for ADC_Start
    main.o(i.HAL_ADC_ConvCpltCallback) refers to noretval__2printf.o(.text) for __2printf
    main.o(i.HAL_ADC_ConvCpltCallback) refers to data_handle.o(i.ADC_Stop) for ADC_Stop
    main.o(i.HAL_ADC_ConvCpltCallback) refers to adc.o(.bss) for hadc1
    main.o(i.HAL_ADC_ConvCpltCallback) refers to main.o(.data) for .data
    main.o(i.SystemClock_Config) refers to rt_memclr_w.o(.text) for __aeabi_memclr4
    main.o(i.SystemClock_Config) refers to stm32f1xx_hal_rcc.o(i.HAL_RCC_OscConfig) for HAL_RCC_OscConfig
    main.o(i.SystemClock_Config) refers to stm32f1xx_hal_rcc.o(i.HAL_RCC_ClockConfig) for HAL_RCC_ClockConfig
    main.o(i.SystemClock_Config) refers to stm32f1xx_hal_rcc_ex.o(i.HAL_RCCEx_PeriphCLKConfig) for HAL_RCCEx_PeriphCLKConfig
    main.o(i.SystemClock_Config) refers to stm32f1xx_hal_rcc.o(i.HAL_RCC_MCOConfig) for HAL_RCC_MCOConfig
    main.o(i.main) refers to stm32f1xx_hal.o(i.HAL_Init) for HAL_Init
    main.o(i.main) refers to main.o(i.SystemClock_Config) for SystemClock_Config
    main.o(i.main) refers to gpio.o(i.MX_GPIO_Init) for MX_GPIO_Init
    main.o(i.main) refers to dma.o(i.MX_DMA_Init) for MX_DMA_Init
    main.o(i.main) refers to usart.o(i.MX_USART1_UART_Init) for MX_USART1_UART_Init
    main.o(i.main) refers to adc.o(i.MX_ADC1_Init) for MX_ADC1_Init
    main.o(i.main) refers to tim.o(i.MX_TIM3_Init) for MX_TIM3_Init
[...]
    dc.s                                     0x00000000   Number         0  dc.o ABSOLUTE
    startup_stm32f103xb.s                    0x00000000   Number         0  startup_stm32f103xb.o ABSOLUTE
    RESET                                    0x08000000   Section      236  startup_stm32f103xb.o(RESET)
    !!!main                                  0x080000ec   Section        8  __main.o(!!!main)
    !!!scatter                               0x080000f4   Section       52  __scatter.o(!!!scatter)
    !!handler_copy                           0x08000128   Section       26  __scatter_copy.o(!!handler_copy)
    !!handler_zi                             0x08000144   Section       28  __scatter_zi.o(!!handler_zi)
    .ARM.Collect$$_printf_percent$$00000000  0x08000160   Section        0  _printf_percent.o(.ARM.Collect$$_printf_percent$$00000000)
    .ARM.Collect$$_printf_percent$$00000003  0x08000160   Section        6  _printf_f.o(.ARM.Collect$$_printf_percent$$00000003)
    .ARM.Collect$$_printf_percent$$00000017  0x08000166   Section        4  _printf_percent_end.o(.ARM.Collect$$_printf_percent$$00000017)
    .ARM.Collect$$libinit$$00000000          0x0800016a   Section        2  libinit.o(.ARM.Collect$$libinit$$00000000)
    .ARM.Collect$$libinit$$00000002          0x0800016c   Section        0  libinit2.o(.ARM.Collect$$libinit$$00000002)
    .ARM.Collect$$libinit$$00000004          0x0800016c   Section        0  libinit2.o(.ARM.Collect$$libinit$$00000004)
    .ARM.Collect$$libinit$$0000000A          0x0800016c   Section        0  libinit2.o(.ARM.Collect$$libinit$$0000000A)
    .ARM.Collect$$libinit$$0000000C          0x0800016c   Section        0  libinit2.o(.ARM.Collect$$libinit$$0000000C)
    .ARM.Collect$$libinit$$0000000E          0x0800016c   Section        0  libinit2.o(.ARM.Collect$$libinit$$0000000E)
    .ARM.Collect$$libinit$$0000000F          0x0800016c   Section        6  libinit2.o(.ARM.Collect$$libinit$$0000000F)
    .ARM.Collect$$libinit$$00000011          0x08000172   Section        0  libinit2.o(.ARM.Collect$$libinit$$00000011)
    .ARM.Collect$$libinit$$00000013          0x08000172   Section        0  libinit2.o(.ARM.Collect$$libinit$$00000013)
    .ARM.Collect$$libinit$$00000015          0x08000172   Section        0  libinit2.o(.ARM.Collect$$libinit$$00000015)
    .ARM.Collect$$libinit$$00000016          0x08000172   Section       10  libinit2.o(.ARM.Collect$$libinit$$00000016)
    .ARM.Collect$$libinit$$00000017          0x0800017c   Section        0  libinit2.o(.ARM.Collect$$libinit$$00000017)
    .ARM.Collect$$libinit$$00000019          0x0800017c   Section        0  libinit2.o(.ARM.Collect$$libinit$$00000019)
    .ARM.Collect$$libinit$$0000001B          0x0800017c   Section        0  libinit2.o(.ARM.Collect$$libinit$$0000001B)
    .ARM.Collect$$libinit$$0000001D          0x0800017c   Section        0  libinit2.o(.ARM.Collect$$libinit$$0000001D)
    .ARM.Collect$$libinit$$0000001F          0x0800017c   Section        0  libinit2.o(.ARM.Collect$$libinit$$0000001F)
    .ARM.Collect$$libinit$$00000021          0x0800017c   Section        0  libinit2.o(.ARM.Collect$$libinit$$00000021)
    .ARM.Collect$$libinit$$00000023          0x0800017c   Section        0  libinit2.o(.ARM.Collect$$libinit$$00000023)
    .ARM.Collect$$libinit$$00000025          0x0800017c   Section        0  libinit2.o(.ARM.Collect$$libinit$$00000025)
    .ARM.Collect$$libinit$$0000002C          0x0800017c   Section        0  libinit2.o(.ARM.Collect$$libinit$$0000002C)
    .ARM.Collect$$libinit$$0000002E          0x0800017c   Section        0  libinit2.o(.ARM.Collect$$libinit$$0000002E)
    .ARM.Collect$$libinit$$00000030          0x0800017c   Section        0  libinit2.o(.ARM.Collect$$libinit$$00000030)
    .ARM.Collect$$libinit$$00000032          0x0800017c   Section        0  libinit2.o(.ARM.Collect$$libinit$$00000032)
    .ARM.Collect$$libinit$$00000033          0x0800017c   Section        2  libinit2.o(.ARM.Collect$$libinit$$00000033)
    .ARM.Collect$$libshutdown$$00000000      0x0800017e   Section        2  libshutdown.o(.ARM.Collect$$libshutdown$$00000000)
    .ARM.Collect$$libshutdown$$00000003      0x08000180   Section        0  libshutdown2.o(.ARM.Collect$$libshutdown$$00000003)
    .ARM.Collect$$libshutdown$$00000006      0x08000180   Section        0  libshutdown2.o(.ARM.Collect$$libshutdown$$00000006)
    .ARM.Collect$$libshutdown$$00000009      0x08000180   Section        0  libshutdown2.o(.ARM.Collect$$libshutdown$$00000009)
    .ARM.Collect$$libshutdown$$0000000B      0x08000180   Section        0  libshutdown2.o(.ARM.Collect$$libshutdown$$0000000B)
    .ARM.Collect$$libshutdown$$0000000E      0x08000180   Section        0  libshutdown2.o(.ARM.Collect$$libshutdown$$0000000E)
    .ARM.Collect$$libshutdown$$0000000F      0x08000180   Section        2  libshutdown2.o(.ARM.Collect$$libshutdown$$0000000F)
    .ARM.Collect$$rtentry$$00000000          0x08000182   Section        0  __rtentry.o(.ARM.Collect$$rtentry$$00000000)
    .ARM.Collect$$rtentry$$00000002          0x08000182   Section        0  __rtentry2.o(.ARM.Collect$$rtentry$$00000002)
    .ARM.Collect$$rtentry$$00000004          0x08000182   Section        6  __rtentry4.o(.ARM.Collect$$rtentry$$00000004)
    .ARM.Collect$$rtentry$$00000009          0x08000188   Section        0  __rtentry2.o(.ARM.Collect$$rtentry$$00000009)
    .ARM.Collect$$rtentry$$0000000A          0x08000188   Section        4  __rtentry2.o(.ARM.Collect$$rtentry$$0000000A)
    .ARM.Collect$$rtentry$$0000000C          0x0800018c   Section        0  __rtentry2.o(.ARM.Collect$$rtentry$$0000000C)
    .ARM.Collect$$rtentry$$0000000D          0x0800018c   Section        8  __rtentry2.o(.ARM.Collect$$rtentry$$0000000D)
    .ARM.Collect$$rtexit$$00000000           0x08000194   Section        2  rtexit.o(.ARM.Collect$$rtexit$$00000000)
    .ARM.Collect$$rtexit$$00000002           0x08000196   Section        0  rtexit2.o(.ARM.Collect$$rtexit$$00000002)
    .ARM.Collect$$rtexit$$00000003           0x08000196   Section        4  rtexit2.o(.ARM.Collect$$rtexit$$00000003)
    .ARM.Collect$$rtexit$$00000004           0x0800019a   Section        6  rtexit2.o(.ARM.Collect$$rtexit$$00000004)
    .text                                    0x080001a0   Section       64  startup_stm32f103xb.o(.text)
    .text                                    0x080001e0   Section        0  noretval__2printf.o(.text)
    .text                                    0x080001f8   Section        0  __printf_wp.o(.text)
    .text                                    0x08000306   Section       78  rt_memclr_w.o(.text)
    .text                                    0x08000354   Section        0  heapauxi.o(.text)
    .text                                    0x0800035a   Section        0  _printf_fp_dec.o(.text)
    _fp_digits                               0x0800035d   Thumb Code   428  _printf_fp_dec.o(.text)
    .text                                    0x08000774   Section        0  _printf_char_file.o(.text)
    .text                                    0x08000798   Section        8  rt_locale_intlibspace.o(.text)
    .text                                    0x080007a0   Section      138  lludiv10.o(.text)
    .text                                    0x0800082c   Section        0  _printf_char_common.o(.text)
    _printf_input_char                       0x0800082d   Thumb Code    10  _printf_char_common.o(.text)
    .text                                    0x0800085c   Section        0  _printf_fp_infnan.o(.text)
    .text                                    0x080008dc   Section        0  bigflt0.o(.text)
    .text                                    0x080009b8   Section        0  ferror.o(.text)
    .text                                    0x080009c0   Section        8  libspace.o(.text)
    .text                                    0x080009c8   Section       74  sys_stackheap_outer.o(.text)
    .text                                    0x08000a12   Section        0  exit.o(.text)
    .text                                    0x08000a20   Section      128  strcmpv7m.o(.text)
    .text                                    0x08000aa0   Section        0  sys_exit.o(.text)
    .text                                    0x08000aac   Section        2  use_no_semi.o(.text)
    .text                                    0x08000aae   Section        0  indicate_semi.o(.text)
    CL$$btod_d2e                             0x08000aae   Section       62  btod.o(CL$$btod_d2e)
    CL$$btod_d2e_denorm_low                  0x08000aec   Section       70  btod.o(CL$$btod_d2e_denorm_low)
    CL$$btod_d2e_norm_op1                    0x08000b32   Section       96  btod.o(CL$$btod_d2e_norm_op1)
    CL$$btod_div_common                      0x08000b92   Section      824  btod.o(CL$$btod_div_common)
    CL$$btod_e2e                             0x08000eca   Section      198  btod.o(CL$$btod_e2e)
    CL$$btod_ediv                            0x08000f90   Section       40  btod.o(CL$$btod_ediv)
    CL$$btod_emul                            0x08000fb8   Section       40  btod.o(CL$$btod_emul)
    CL$$btod_mult_common                     0x08000fe0   Section      580  btod.o(CL$$btod_mult_common)
    i.ADC1_2_IRQHandler                      0x08001224   Section        0  stm32f1xx_it.o(i.ADC1_2_IRQHandler)
    i.ADC_ConversionStop_Disable             0x08001230   Section        0  stm32f1xx_hal_adc.o(i.ADC_ConversionStop_Disable)
    i.ADC_DMAConvCplt                        0x08001286   Section        0  stm32f1xx_hal_adc.o(i.ADC_DMAConvCplt)
    i.ADC_DMAError                           0x080012d4   Section        0  stm32f1xx_hal_adc.o(i.ADC_DMAError)
    i.ADC_DMAHalfConvCplt                    0x080012ee   Section        0  stm32f1xx_hal_adc.o(i.ADC_DMAHalfConvCplt)
    i.ADC_Enable                             0x080012f8   Section        0  stm32f1xx_hal_adc.o(i.ADC_Enable)
    i.ADC_Start                              0x08001374   Section        0  data_handle.o(i.ADC_Start)
    i.ADC_Stop                               0x08001388   Section        0  data_handle.o(i.ADC_Stop)
    i.BusFault_Handler                       0x08001394   Section        0  stm32f1xx_it.o(i.BusFault_Handler)
    i.DAC8830_Init                           0x08001398   Section        0  dac8830.o(i.DAC8830_Init)
    i.DAC8830_Write16Byte                    0x080013f0   Section        0  dac8830.o(i.DAC8830_Write16Byte)
    i.DAC8830_WriteDate                      0x08001458   Section        0  dac8830.o(i.DAC8830_WriteDate)
    i.DMA1_Channel1_IRQHandler               0x08001480   Section        0  stm32f1xx_it.o(i.DMA1_Channel1_IRQHandler)
    i.DMA_SetConfig                          0x0800148c   Section        0  stm32f1xx_hal_dma.o(i.DMA_SetConfig)
    DMA_SetConfig                            0x0800148d   Thumb Code    42  stm32f1xx_hal_dma.o(i.DMA_SetConfig)
    i.Data_handle                            0x080014b8   Section        0  data_handle.o(i.Data_handle)
    i.DebugMon_Handler                       0x0800150c   Section        0  stm32f1xx_it.o(i.DebugMon_Handler)
    i.Error_Handler                          0x0800150e   Section        0  main.o(i.Error_Handler)
    i.HAL_ADCEx_InjectedConvCpltCallback     0x08001512   Section        0  stm32f1xx_hal_adc_ex.o(i.HAL_ADCEx_InjectedConvCpltCallback)
    i.HAL_ADC_ConfigChannel                  0x08001514   Section        0  stm32f1xx_hal_adc.o(i.HAL_ADC_ConfigChannel)
    i.HAL_ADC_ConvCpltCallback               0x08001610   Section        0  main.o(i.HAL_ADC_ConvCpltCallback)
    i.HAL_ADC_ConvHalfCpltCallback           0x0800175c   Section        0  stm32f1xx_hal_adc.o(i.HAL_ADC_ConvHalfCpltCallback)
    i.HAL_ADC_ErrorCallback                  0x0800175e   Section        0  stm32f1xx_hal_adc.o(i.HAL_ADC_ErrorCallback)
    i.HAL_ADC_IRQHandler                     0x08001760   Section        0  stm32f1xx_hal_adc.o(i.HAL_ADC_IRQHandler)
    i.HAL_ADC_Init                           0x0800183c   Section        0  stm32f1xx_hal_adc.o(i.HAL_ADC_Init)
    i.HAL_ADC_LevelOutOfWindowCallback       0x08001958   Section        0  stm32f1xx_hal_adc.o(i.HAL_ADC_LevelOutOfWindowCallback)
    i.HAL_ADC_MspInit                        0x0800195c   Section        0  adc.o(i.HAL_ADC_MspInit)
    i.HAL_ADC_Start_DMA                      0x080019fc   Section        0  stm32f1xx_hal_adc.o(i.HAL_ADC_Start_DMA)
    i.HAL_ADC_Stop_DMA                       0x08001b08   Section        0  stm32f1xx_hal_adc.o(i.HAL_ADC_Stop_DMA)
    i.HAL_DMA_Abort                          0x08001b5e   Section        0  stm32f1xx_hal_dma.o(i.HAL_DMA_Abort)
    i.HAL_DMA_Abort_IT                       0x08001ba4   Section        0  stm32f1xx_hal_dma.o(i.HAL_DMA_Abort_IT)
    i.HAL_DMA_IRQHandler                     0x08001c3c   Section        0  stm32f1xx_hal_dma.o(i.HAL_DMA_IRQHandler)
    i.HAL_DMA_Init                           0x08001d90   Section        0  stm32f1xx_hal_dma.o(i.HAL_DMA_Init)
    i.HAL_DMA_Start_IT                       0x08001dec   Section        0  stm32f1xx_hal_dma.o(i.HAL_DMA_Start_IT)
    i.HAL_GPIO_Init                          0x08001e5c   Section        0  stm32f1xx_hal_gpio.o(i.HAL_GPIO_Init)
    i.HAL_GPIO_WritePin                      0x0800203c   Section        0  stm32f1xx_hal_gpio.o(i.HAL_GPIO_WritePin)
    i.HAL_GetTick                            0x08002048   Section        0  stm32f1xx_hal.o(i.HAL_GetTick)
    i.HAL_IncTick                            0x08002054   Section        0  stm32f1xx_hal.o(i.HAL_IncTick)
    i.HAL_Init                               0x08002064   Section        0  stm32f1xx_hal.o(i.HAL_Init)
    i.HAL_InitTick                           0x08002088   Section        0  stm32f1xx_hal.o(i.HAL_InitTick)
    i.HAL_MspInit                            0x080020c8   Section        0  stm32f1xx_hal_msp.o(i.HAL_MspInit)
    i.HAL_NVIC_EnableIRQ                     0x08002104   Section        0  stm32f1xx_hal_cortex.o(i.HAL_NVIC_EnableIRQ)
    i.HAL_NVIC_SetPriority                   0x08002120   Section        0  stm32f1xx_hal_cortex.o(i.HAL_NVIC_SetPriority)
    i.HAL_NVIC_SetPriorityGrouping           0x08002160   Section        0  stm32f1xx_hal_cortex.o(i.HAL_NVIC_SetPriorityGrouping)
    i.HAL_RCCEx_PeriphCLKConfig              0x08002184   Section        0  stm32f1xx_hal_rcc_ex.o(i.HAL_RCCEx_PeriphCLKConfig)
    i.HAL_RCC_ClockConfig                    0x08002270   Section        0  stm32f1xx_hal_rcc.o(i.HAL_RCC_ClockConfig)
    i.HAL_RCC_GetPCLK1Freq                   0x0800239c   Section        0  stm32f1xx_hal_rcc.o(i.HAL_RCC_GetPCLK1Freq)
    i.HAL_RCC_GetPCLK2Freq                   0x080023bc   Section        0  stm32f1xx_hal_rcc.o(i.HAL_RCC_GetPCLK2Freq)
    i.HAL_RCC_GetSysClockFreq                0x080023dc   Section        0  stm32f1xx_hal_rcc.o(i.HAL_RCC_GetSysClockFreq)
    i.HAL_RCC_MCOConfig                      0x08002428   Section        0  stm32f1xx_hal_rcc.o(i.HAL_RCC_MCOConfig)
    i.HAL_RCC_OscConfig                      0x08002470   Section        0  stm32f1xx_hal_rcc.o(i.HAL_RCC_OscConfig)
    i.HAL_SYSTICK_CLKSourceConfig            0x08002790   Section        0  stm32f1xx_hal_cortex.o(i.HAL_SYSTICK_CLKSourceConfig)
    i.HAL_SYSTICK_Config                     0x080027a8   Section        0  stm32f1xx_hal_cortex.o(i.HAL_SYSTICK_Config)
    i.HAL_TIMEx_MasterConfigSynchronization  0x080027d0   Section        0  stm32f1xx_hal_tim_ex.o(i.HAL_TIMEx_MasterConfigSynchronization)
    i.HAL_TIM_Base_Init                      0x08002838   Section        0  stm32f1xx_hal_tim.o(i.HAL_TIM_Base_Init)
    i.HAL_TIM_Base_MspInit                   0x08002894   Section        0  tim.o(i.HAL_TIM_Base_MspInit)
    i.HAL_TIM_Base_Start                     0x080028bc   Section        0  stm32f1xx_hal_tim.o(i.HAL_TIM_Base_Start)
    i.HAL_TIM_ConfigClockSource              0x0800290c   Section        0  stm32f1xx_hal_tim.o(i.HAL_TIM_ConfigClockSource)
    i.HAL_UARTEx_RxEventCallback             0x080029e8   Section        0  stm32f1xx_hal_uart.o(i.HAL_UARTEx_RxEventCallback)
    i.HAL_UART_ErrorCallback                 0x080029ea   Section        0  stm32f1xx_hal_uart.o(i.HAL_UART_ErrorCallback)
    i.HAL_UART_IRQHandler                    0x080029ec   Section        0  stm32f1xx_hal_uart.o(i.HAL_UART_IRQHandler)
    i.HAL_UART_Init                          0x08002c58   Section        0  stm32f1xx_hal_uart.o(i.HAL_UART_Init)
    i.HAL_UART_MspInit                       0x08002cbc   Section        0  usart.o(i.HAL_UART_MspInit)
    i.HAL_UART_RxCpltCallback                0x08002d3c   Section        0  stm32f1xx_hal_uart.o(i.HAL_UART_RxCpltCallback)
    i.HAL_UART_TxCpltCallback                0x08002d3e   Section        0  stm32f1xx_hal_uart.o(i.HAL_UART_TxCpltCallback)
    i.HardFault_Handler                      0x08002d40   Section        0  stm32f1xx_it.o(i.HardFault_Handler)
    i.MX_ADC1_Init                           0x08002d44   Section        0  adc.o(i.MX_ADC1_Init)
    i.MX_DMA_Init                            0x08002d90   Section        0  dma.o(i.MX_DMA_Init)
    i.MX_GPIO_Init                           0x08002dbc   Section        0  gpio.o(i.MX_GPIO_Init)
    i.MX_TIM3_Init                           0x08002e4c   Section        0  tim.o(i.MX_TIM3_Init)
    i.MX_USART1_UART_Init                    0x08002eb4   Section        0  usart.o(i.MX_USART1_UART_Init)
    i.MemManage_Handler                      0x08002eec   Section        0  stm32f1xx_it.o(i.MemManage_Handler)
    i.MyUSART1_IRQHandler                    0x08002ef0   Section        0  myusart1.o(i.MyUSART1_IRQHandler)
    i.MyUSART1_Init                          0x08002f24   Section        0  myusart1.o(i.MyUSART1_Init)
    i.NMI_Handler                            0x08002f38   Section        0  stm32f1xx_it.o(i.NMI_Handler)
    i.PendSV_Handler                         0x08002f3a   Section        0  stm32f1xx_it.o(i.PendSV_Handler)
    i.SVC_Handler                            0x08002f3c   Section        0  stm32f1xx_it.o(i.SVC_Handler)
    i.SysTick_Handler                        0x08002f3e   Section        0  stm32f1xx_it.o(i.SysTick_Handler)
    i.SystemClock_Config                     0x08002f42   Section        0  main.o(i.SystemClock_Config)
    i.SystemInit                             0x08002fc4   Section        0  system_stm32f1xx.o(i.SystemInit)
    i.TIM_Base_SetConfig                     0x08002fc8   Section        0  stm32f1xx_hal_tim.o(i.TIM_Base_SetConfig)
    i.TIM_ETR_SetConfig                      0x08003034   Section        0  stm32f1xx_hal_tim.o(i.TIM_ETR_SetConfig)
    i.TIM_ITRx_SetConfig                     0x08003048   Section        0  stm32f1xx_hal_tim.o(i.TIM_ITRx_SetConfig)
    TIM_ITRx_SetConfig                       0x08003049   Thumb Code    16  stm32f1xx_hal_tim.o(i.TIM_ITRx_SetConfig)
    i.TIM_TI1_ConfigInputStage               0x08003058   Section        0  stm32f1xx_hal_tim.o(i.TIM_TI1_ConfigInputStage)
    TIM_TI1_ConfigInputStage                 0x08003059   Thumb Code    34  stm32f1xx_hal_tim.o(i.TIM_TI1_ConfigInputStage)
    i.TIM_TI2_ConfigInputStage               0x0800307a   Section        0  stm32f1xx_hal_tim.o(i.TIM_TI2_ConfigInputStage)
    TIM_TI2_ConfigInputStage                 0x0800307b   Thumb Code    36  stm32f1xx_hal_tim.o(i.TIM_TI2_ConfigInputStage)
    i.UART_DMAAbortOnError                   0x0800309e   Section        0  stm32f1xx_hal_uart.o(i.UART_DMAAbortOnError)
    UART_DMAAbortOnError                     0x0800309f   Thumb Code    16  stm32f1xx_hal_uart.o(i.UART_DMAAbortOnError)
    i.UART_EndRxTransfer                     0x080030ae   Section        0  stm32f1xx_hal_uart.o(i.UART_EndRxTransfer)
    UART_EndRxTransfer                       0x080030af   Thumb Code    78  stm32f1xx_hal_uart.o(i.UART_EndRxTransfer)
    i.UART_Receive_IT                        0x080030fc   Section        0  stm32f1xx_hal_uart.o(i.UART_Receive_IT)
    UART_Receive_IT                          0x080030fd   Thumb Code   194  stm32f1xx_hal_uart.o(i.UART_Receive_IT)
    i.UART_SetConfig                         0x080031c0   Section        0  stm32f1xx_hal_uart.o(i.UART_SetConfig)
    UART_SetConfig                           0x080031c1   Thumb Code   178  stm32f1xx_hal_uart.o(i.UART_SetConfig)
    i.USART1_IRQHandler                      0x08003278   Section        0  stm32f1xx_it.o(i.USART1_IRQHandler)
    i.UsageFault_Handler                     0x08003294   Section        0  stm32f1xx_it.o(i.UsageFault_Handler)
    i.__ARM_fpclassify                       0x08003296   Section        0  fpclassify.o(i.__ARM_fpclassify)
    i.__NVIC_SetPriority                     0x080032be   Section        0  stm32f1xx_hal_cortex.o(i.__NVIC_SetPriority)
    __NVIC_SetPriority                       0x080032bf   Thumb Code    32  stm32f1xx_hal_cortex.o(i.__NVIC_SetPriority)
    i._is_digit                              0x080032de   Section        0  __printf_wp.o(i._is_digit)
    i.delay_init                             0x080032ec   Section        0  delay.o(i.delay_init)
    i.delay_ms                               0x08003300   Section        0  delay.o(i.delay_ms)
    i.delay_s_us                             0x0800330a   Section        0  dac8830.o(i.delay_s_us)
    i.delay_us                               0x08003314   Section        0  delay.o(i.delay_us)
    i.fputc                                  0x08003348   Section        0  myusart1.o(i.fputc)
    i.lock                                   0x08003364   Section        0  data_handle.o(i.lock)
    i.main                                   0x080033c0   Section        0  main.o(i.main)
    locale$$code                             0x08003408   Section       44  lc_numeric_c.o(locale$$code)
    x$fpl$dadd                               0x08003434   Section      336  daddsub_clz.o(x$fpl$dadd)
    _dadd1                                   0x08003445   Thumb Code     0  daddsub_clz.o(x$fpl$dadd)
    x$fpl$dcmpinf                            0x08003584   Section       24  dcmpi.o(x$fpl$dcmpinf)
    x$fpl$ddiv                               0x0800359c   Section      688  ddiv.o(x$fpl$ddiv)
    ddiv_entry                               0x080035a3   Thumb Code     0  ddiv.o(x$fpl$ddiv)
    x$fpl$dfixu                              0x0800384c   Section       90  dfixu.o(x$fpl$dfixu)
    x$fpl$dfltu                              0x080038a6   Section       38  dflt_clz.o(x$fpl$dfltu)
    x$fpl$dleqf                              0x080038cc   Section      120  dleqf.o(x$fpl$dleqf)
    x$fpl$dmul                               0x08003944   Section      340  dmul.o(x$fpl$dmul)
    x$fpl$dnaninf                            0x08003a98   Section      156  dnaninf.o(x$fpl$dnaninf)
    x$fpl$dretinf                            0x08003b34   Section       12  dretinf.o(x$fpl$dretinf)
    x$fpl$drleqf                             0x08003b40   Section      108  drleqf.o(x$fpl$drleqf)
    x$fpl$dsub                               0x08003bac   Section      468  daddsub_clz.o(x$fpl$dsub)
    _dsub1                                   0x08003bbd   Thumb Code     0  daddsub_clz.o(x$fpl$dsub)
    x$fpl$f2d                                0x08003d80   Section       86  f2d.o(x$fpl$f2d)
    x$fpl$fdiv                               0x08003dd8   Section      388  fdiv.o(x$fpl$fdiv)
    _fdiv1                                   0x08003dd9   Thumb Code     0  fdiv.o(x$fpl$fdiv)
    x$fpl$ffltu                              0x08003f5c   Section       38  fflt_clz.o(x$fpl$ffltu)
    x$fpl$fnaninf                            0x08003f82   Section      140  fnaninf.o(x$fpl$fnaninf)
    x$fpl$fretinf                            0x0800400e   Section       10  fretinf.o(x$fpl$fretinf)
    x$fpl$printf1                            0x08004018   Section        4  printf1.o(x$fpl$printf1)
    .constdata                               0x0800401c   Section       18  stm32f1xx_hal_rcc.o(.constdata)
    x$fpl$usenofp                            0x0800401c   Section        0  usenofp.o(x$fpl$usenofp)
    aPredivFactorTable                       0x0800401c   Data           2  stm32f1xx_hal_rcc.o(.constdata)
    aPLLMULFactorTable                       0x0800401e   Data          16  stm32f1xx_hal_rcc.o(.constdata)
    .constdata                               0x0800402e   Section       16  system_stm32f1xx.o(.constdata)
    .constdata                               0x0800403e   Section        8  system_stm32f1xx.o(.constdata)
    .constdata                               0x08004048   Section      148  bigflt0.o(.constdata)
    tenpwrs_x                                0x08004048   Data          60  bigflt0.o(.constdata)
    tenpwrs_i                                0x08004084   Data          64  bigflt0.o(.constdata)
    locale$$data                             0x080040fc   Section       28  lc_numeric_c.o(locale$$data)
    __lcnum_c_name                           0x08004100   Data           2  lc_numeric_c.o(locale$$data)
    __lcnum_c_start                          0x08004108   Data           0  lc_numeric_c.o(locale$$data)
    __lcnum_c_point                          0x08004114   Data           0  lc_numeric_c.o(locale$$data)
    __lcnum_c_thousands                      0x08004116   Data           0  lc_numeric_c.o(locale$$data)
    __lcnum_c_grouping                       0x08004117   Data           0  lc_numeric_c.o(locale$$data)
    __lcnum_c_end                            0x08004118   Data           0  lc_numeric_c.o(locale$$data)
    .data                                    0x20000000   Section       24  main.o(.data)
    .data                                    0x20000018   Section       12  stm32f1xx_hal.o(.data)
    .data                                    0x20000024   Section        4  system_stm32f1xx.o(.data)
    .data                                    0x20000028   Section        2  delay.o(.data)
    sysClkFreq                               0x20000028   Data           2  delay.o(.data)
    .data                                    0x2000002c   Section       12  myusart1.o(.data)
    .data                                    0x20000038   Section        4  myusart1.o(.data)
    .bss                                     0x2000003c   Section      116  adc.o(.bss)
    .bss                                     0x200000b0   Section       72  tim.o(.bss)
    .bss                                     0x200000f8   Section       72  usart.o(.bss)
    .bss                                     0x20000140   Section      100  myusart1.o(.bss)
    .bss                                     0x200001a8   Section     2000  data_handle.o(.bss)
    .bss                                     0x20000978   Section       96  libspace.o(.bss)
    HEAP                                     0x200009d8   Section      512  startup_stm32f103xb.o(HEAP)
    Heap_Mem                                 0x200009d8   Data         512  startup_stm32f103xb.o(HEAP)
    STACK                                    0x20000bd8   Section     1024  startup_stm32f103xb.o(STACK)
    Stack_Mem                                0x20000bd8   Data        1024  startup_stm32f103xb.o(STACK)
    __initial_sp                             0x20000fd8   Data           0  startup_stm32f103xb.o(STACK)

    Global Symbols

    Symbol Name                              Value     Ov Type        Size  Object(Section)

    BuildAttributes$$THM_ISAv4$P$D$K$B$S$PE$A:L22UL41UL21$X:L11$S22US41US21$IEEE1$IW$USESV6$~STKCKD$USESV7$~SHL$OTIME$ROPI$IEEEJ$EBA8$UX$STANDARDLIB$REQ8$PRES8$EABIv2 0x00000000   Number         0  anon$$obj.o ABSOLUTE
    __ARM_use_no_argv                        0x00000000   Number         0  main.o ABSOLUTE
    _printf_flags                            0x00000000   Number         0  printf_stubs.o ABSOLUTE
    _printf_return_value                     0x00000000   Number         0  printf_stubs.o ABSOLUTE
    _printf_sizespec                         0x00000000   Number         0  printf_stubs.o ABSOLUTE
    _printf_widthprec                        0x00000000   Number         0  printf_stubs.o ABSOLUTE
    __ARM_exceptions_init                     - Undefined Weak Reference
    __alloca_initialize                       - Undefined Weak Reference
    __arm_preinit_                            - Undefined Weak Reference
    __cpp_initialize__aeabi_                  - Undefined Weak Reference
    __cxa_finalize                            - Undefined Weak Reference
    __sigvec_lookup                           - Undefined Weak Reference
    _atexit_init                              - Undefined Weak Reference
    _call_atexit_fns                          - Undefined Weak Reference
    _clock_init                               - Undefined Weak Reference
    _fp_trap_init                             - Undefined Weak Reference
    _fp_trap_shutdown                         - Undefined Weak Reference
    _get_lc_collate                           - Undefined Weak Reference
    _get_lc_ctype                             - Undefined Weak Reference
    _get_lc_monetary                          - Undefined Weak Reference
    _get_lc_time                              - Undefined Weak Reference
    _getenv_init                              - Undefined Weak Reference
    _handle_redirection                       - Undefined Weak Reference
    _init_alloc                               - Undefined Weak Reference
    _init_user_alloc                          - Undefined Weak Reference
    _initio                                   - Undefined Weak Reference
    _mutex_acquire                            - Undefined Weak Reference
    _mutex_release                            - Undefined Weak Reference
    _printf_post_padding                      - Undefined Weak Reference
    _printf_pre_padding                       - Undefined Weak Reference
    _printf_truncate_signed                   - Undefined Weak Reference
    _printf_truncate_unsigned                 - Undefined Weak Reference
    _rand_init                                - Undefined Weak Reference
    _signal_finish                            - Undefined Weak Reference
    _signal_init                              - Undefined Weak Reference
    _terminate_alloc                          - Undefined Weak Reference
    _terminate_user_alloc                     - Undefined Weak Reference
    _terminateio                              - Undefined Weak Reference
    __Vectors_Size                           0x000000ec   Number         0  startup_stm32f103xb.o ABSOLUTE
    __Vectors                                0x08000000   Data           4  startup_stm32f103xb.o(RESET)
    __Vectors_End                            0x080000ec   Data           0  startup_stm32f103xb.o(RESET)
    __main                                   0x080000ed   Thumb Code     8  __main.o(!!!main)
    __scatterload                            0x080000f5   Thumb Code     0  __scatter.o(!!!scatter)
    __scatterload_rt2                        0x080000f5   Thumb Code    44  __scatter.o(!!!scatter)
    __scatterload_rt2_thumb_only             0x080000f5   Thumb Code     0  __scatter.o(!!!scatter)
    __scatterload_null                       0x08000103   Thumb Code     0  __scatter.o(!!!scatter)
    __scatterload_copy                       0x08000129   Thumb Code    26  __scatter_copy.o(!!handler_copy)
    __scatterload_zeroinit                   0x08000145   Thumb Code    28  __scatter_zi.o(!!handler_zi)
    _printf_f                                0x08000161   Thumb Code     0  _printf_f.o(.ARM.Collect$$_printf_percent$$00000003)
    _printf_percent                          0x08000161   Thumb Code     0  _printf_percent.o(.ARM.Collect$$_printf_percent$$00000000)
    _printf_percent_end                      0x08000167   Thumb Code     0  _printf_percent_end.o(.ARM.Collect$$_printf_percent$$00000017)
    __rt_lib_init                            0x0800016b   Thumb Code     0  libinit.o(.ARM.Collect$$libinit$$00000000)
    __rt_lib_init_fp_1                       0x0800016d   Thumb Code     0  libinit2.o(.ARM.Collect$$libinit$$00000002)
    __rt_lib_init_heap_1                     0x0800016d   Thumb Code     0  libinit2.o(.ARM.Collect$$libinit$$0000000A)
    __rt_lib_init_lc_common                  0x0800016d   Thumb Code     0  libinit2.o(.ARM.Collect$$libinit$$0000000F)
    __rt_lib_init_preinit_1                  0x0800016d   Thumb Code     0  libinit2.o(.ARM.Collect$$libinit$$00000004)
    __rt_lib_init_rand_1                     0x0800016d   Thumb Code     0  libinit2.o(.ARM.Collect$$libinit$$0000000E)
    __rt_lib_init_user_alloc_1               0x0800016d   Thumb Code     0  libinit2.o(.ARM.Collect$$libinit$$0000000C)
    __rt_lib_init_lc_collate_1               0x08000173   Thumb Code     0  libinit2.o(.ARM.Collect$$libinit$$00000011)
    __rt_lib_init_lc_ctype_1                 0x08000173   Thumb Code     0  libinit2.o(.ARM.Collect$$libinit$$00000013)
    __rt_lib_init_lc_monetary_1              0x08000173   Thumb Code     0  libinit2.o(.ARM.Collect$$libinit$$00000015)
    __rt_lib_init_lc_numeric_2               0x08000173   Thumb Code     0  libinit2.o(.ARM.Collect$$libinit$$00000016)
    __rt_lib_init_alloca_1                   0x0800017d   Thumb Code     0  libinit2.o(.ARM.Collect$$libinit$$0000002E)
    __rt_lib_init_argv_1                     0x0800017d   Thumb Code     0  libinit2.o(.ARM.Collect$$libinit$$0000002C)
    __rt_lib_init_atexit_1                   0x0800017d   Thumb Code     0  libinit2.o(.ARM.Collect$$libinit$$0000001B)
    __rt_lib_init_clock_1                    0x0800017d   Thumb Code     0  libinit2.o(.ARM.Collect$$libinit$$00000021)
    __rt_lib_init_cpp_1                      0x0800017d   Thumb Code     0  libinit2.o(.ARM.Collect$$libinit$$00000032)
    __rt_lib_init_exceptions_1               0x0800017d   Thumb Code     0  libinit2.o(.ARM.Collect$$libinit$$00000030)
    __rt_lib_init_fp_trap_1                  0x0800017d   Thumb Code     0  libinit2.o(.ARM.Collect$$libinit$$0000001F)
    __rt_lib_init_getenv_1                   0x0800017d   Thumb Code     0  libinit2.o(.ARM.Collect$$libinit$$00000023)
    __rt_lib_init_lc_numeric_1               0x0800017d   Thumb Code     0  libinit2.o(.ARM.Collect$$libinit$$00000017)
    __rt_lib_init_lc_time_1                  0x0800017d   Thumb Code     0  libinit2.o(.ARM.Collect$$libinit$$00000019)
    __rt_lib_init_return                     0x0800017d   Thumb Code     0  libinit2.o(.ARM.Collect$$libinit$$00000033)
    __rt_lib_init_signal_1                   0x0800017d   Thumb Code     0  libinit2.o(.ARM.Collect$$libinit$$0000001D)
    __rt_lib_init_stdio_1                    0x0800017d   Thumb Code     0  libinit2.o(.ARM.Collect$$libinit$$00000025)
    __rt_lib_shutdown                        0x0800017f   Thumb Code     0  libshutdown.o(.ARM.Collect$$libshutdown$$00000000)
    __rt_lib_shutdown_fp_trap_1              0x08000181   Thumb Code     0  libshutdown2.o(.ARM.Collect$$libshutdown$$00000006)
    __rt_lib_shutdown_heap_1                 0x08000181   Thumb Code     0  libshutdown2.o(.ARM.Collect$$libshutdown$$0000000E)
    __rt_lib_shutdown_return                 0x08000181   Thumb Code     0  libshutdown2.o(.ARM.Collect$$libshutdown$$0000000F)
    __rt_lib_shutdown_signal_1               0x08000181   Thumb Code     0  libshutdown2.o(.ARM.Collect$$libshutdown$$00000009)
    __rt_lib_shutdown_stdio_1                0x08000181   Thumb Code     0  libshutdown2.o(.ARM.Collect$$libshutdown$$00000003)
    __rt_lib_shutdown_user_alloc_1           0x08000181   Thumb Code     0  libshutdown2.o(.ARM.Collect$$libshutdown$$0000000B)
    __rt_entry                               0x08000183   Thumb Code     0  __rtentry.o(.ARM.Collect$$rtentry$$00000000)
    __rt_entry_presh_1                       0x08000183   Thumb Code     0  __rtentry2.o(.ARM.Collect$$rtentry$$00000002)
    __rt_entry_sh                            0x08000183   Thumb Code     0  __rtentry4.o(.ARM.Collect$$rtentry$$00000004)
    __rt_entry_li                            0x08000189   Thumb Code     0  __rtentry2.o(.ARM.Collect$$rtentry$$0000000A)
    __rt_entry_postsh_1                      0x08000189   Thumb Code     0  __rtentry2.o(.ARM.Collect$$rtentry$$00000009)
    __rt_entry_main                          0x0800018d   Thumb Code     0  __rtentry2.o(.ARM.Collect$$rtentry$$0000000D)
    __rt_entry_postli_1                      0x0800018d   Thumb Code     0  __rtentry2.o(.ARM.Collect$$rtentry$$0000000C)
    __rt_exit                                0x08000195   Thumb Code     0  rtexit.o(.ARM.Collect$$rtexit$$00000000)
    __rt_exit_ls                             0x08000197   Thumb Code     0  rtexit2.o(.ARM.Collect$$rtexit$$00000003)
    __rt_exit_prels_1                        0x08000197   Thumb Code     0  rtexit2.o(.ARM.Collect$$rtexit$$00000002)
    __rt_exit_exit                           0x0800019b   Thumb Code     0  rtexit2.o(.ARM.Collect$$rtexit$$00000004)
    Reset_Handler                            0x080001a1   Thumb Code     8  startup_stm32f103xb.o(.text)
    CAN1_RX1_IRQHandler                      0x080001bb   Thumb Code     0  startup_stm32f103xb.o(.text)
    CAN1_SCE_IRQHandler                      0x080001bb   Thumb Code     0  startup_stm32f103xb.o(.text)
    DMA1_Channel2_IRQHandler                 0x080001bb   Thumb Code     0  startup_stm32f103xb.o(.text)
    DMA1_Channel3_IRQHandler                 0x080001bb   Thumb Code     0  startup_stm32f103xb.o(.text)
    DMA1_Channel4_IRQHandler                 0x080001bb   Thumb Code     0  startup_stm32f103xb.o(.text)
    DMA1_Channel5_IRQHandler                 0x080001bb   Thumb Code     0  startup_stm32f103xb.o(.text)
    DMA1_Channel6_IRQHandler                 0x080001bb   Thumb Code     0  startup_stm32f103xb.o(.text)
    DMA1_Channel7_IRQHandler                 0x080001bb   Thumb Code     0  startup_stm32f103xb.o(.text)
    EXTI0_IRQHandler                         0x080001bb   Thumb Code     0  startup_stm32f103xb.o(.text)
    EXTI15_10_IRQHandler                     0x080001bb   Thumb Code     0  startup_stm32f103xb.o(.text)
    EXTI1_IRQHandler                         0x080001bb   Thumb Code     0  startup_stm32f103xb.o(.text)
    EXTI2_IRQHandler                         0x080001bb   Thumb Code     0  startup_stm32f103xb.o(.text)
    EXTI3_IRQHandler                         0x080001bb   Thumb Code     0  startup_stm32f103xb.o(.text)
    EXTI4_IRQHandler                         0x080001bb   Thumb Code     0  startup_stm32f103xb.o(.text)
    EXTI9_5_IRQHandler                       0x080001bb   Thumb Code     0  startup_stm32f103xb.o(.text)
    FLASH_IRQHandler                         0x080001bb   Thumb Code     0  startup_stm32f103xb.o(.text)
    I2C1_ER_IRQHandler                       0x080001bb   Thumb Code     0  startup_stm32f103xb.o(.text)
    I2C1_EV_IRQHandler                       0x080001bb   Thumb Code     0  startup_stm32f103xb.o(.text)
    I2C2_ER_IRQHandler                       0x080001bb   Thumb Code     0  startup_stm32f103xb.o(.text)
    I2C2_EV_IRQHandler                       0x080001bb   Thumb Code     0  startup_stm32f103xb.o(.text)
    PVD_IRQHandler                           0x080001bb   Thumb Code     0  startup_stm32f103xb.o(.text)
    RCC_IRQHandler                           0x080001bb   Thumb Code     0  startup_stm32f103xb.o(.text)
    RTC_Alarm_IRQHandler                     0x080001bb   Thumb Code     0  startup_stm32f103xb.o(.text)
    RTC_IRQHandler                           0x080001bb   Thumb Code     0  startup_stm32f103xb.o(.text)
    SPI1_IRQHandler                          0x080001bb   Thumb Code     0  startup_stm32f103xb.o(.text)
    SPI2_IRQHandler                          0x080001bb   Thumb Code     0  startup_stm32f103xb.o(.text)
    TAMPER_IRQHandler                        0x080001bb   Thumb Code     0  startup_stm32f103xb.o(.text)
    TIM1_BRK_IRQHandler                      0x080001bb   Thumb Code     0  startup_stm32f103xb.o(.text)
    TIM1_CC_IRQHandler                       0x080001bb   Thumb Code     0  startup_stm32f103xb.o(.text)
    TIM1_TRG_COM_IRQHandler                  0x080001bb   Thumb Code     0  startup_stm32f103xb.o(.text)
    TIM1_UP_IRQHandler                       0x080001bb   Thumb Code     0  startup_stm32f103xb.o(.text)
    TIM2_IRQHandler                          0x080001bb   Thumb Code     0  startup_stm32f103xb.o(.text)
    TIM3_IRQHandler                          0x080001bb   Thumb Code     0  startup_stm32f103xb.o(.text)
    TIM4_IRQHandler                          0x080001bb   Thumb Code     0  startup_stm32f103xb.o(.text)
    USART2_IRQHandler                        0x080001bb   Thumb Code     0  startup_stm32f103xb.o(.text)
    USART3_IRQHandler                        0x080001bb   Thumb Code     0  startup_stm32f103xb.o(.text)
    USBWakeUp_IRQHandler                     0x080001bb   Thumb Code     0  startup_stm32f103xb.o(.text)
    USB_HP_CAN1_TX_IRQHandler                0x080001bb   Thumb Code     0  startup_stm32f103xb.o(.text)
    USB_LP_CAN1_RX0_IRQHandler               0x080001bb   Thumb Code     0  startup_stm32f103xb.o(.text)
    WWDG_IRQHandler                          0x080001bb   Thumb Code     0  startup_stm32f103xb.o(.text)
    __user_initial_stackheap                 0x080001bd   Thumb Code     0  startup_stm32f103xb.o(.text)
    __2printf                                0x080001e1   Thumb Code    20  noretval__2printf.o(.text)
    __printf                                 0x080001f9   Thumb Code   270  __printf_wp.o(.text)
    __aeabi_memclr4                          0x08000307   Thumb Code     0  rt_memclr_w.o(.text)
    __aeabi_memclr8                          0x08000307   Thumb Code     0  rt_memclr_w.o(.text)
    __rt_memclr_w                            0x08000307   Thumb Code    78  rt_memclr_w.o(.text)
    _memset_w                                0x0800030b   Thumb Code     0  rt_memclr_w.o(.text)
    __use_two_region_memory                  0x08000355   Thumb Code     2  heapauxi.o(.text)
    __rt_heap_escrow$2region                 0x08000357   Thumb Code     2  heapauxi.o(.text)
    __rt_heap_expand$2region                 0x08000359   Thumb Code     2  heapauxi.o(.text)
    __lib_sel_fp_printf                      0x0800035b   Thumb Code     2  _printf_fp_dec.o(.text)
    _printf_fp_dec_real                      0x08000509   Thumb Code   620  _printf_fp_dec.o(.text)
    _printf_char_file                        0x08000775   Thumb Code    32  _printf_char_file.o(.text)
    __rt_locale                              0x08000799   Thumb Code     8  rt_locale_intlibspace.o(.text)
    _ll_udiv10                               0x080007a1   Thumb Code   138  lludiv10.o(.text)
    _printf_char_common                      0x08000837   Thumb Code    32  _printf_char_common.o(.text)
    _printf_fp_infnan                        0x0800085d   Thumb Code   112  _printf_fp_infnan.o(.text)
    _btod_etento                             0x080008dd   Thumb Code   216  bigflt0.o(.text)
    ferror                                   0x080009b9   Thumb Code     8  ferror.o(.text)
    __user_libspace                          0x080009c1   Thumb Code     8  libspace.o(.text)
    __user_perproc_libspace                  0x080009c1   Thumb Code     0  libspace.o(.text)
    __user_perthread_libspace                0x080009c1   Thumb Code     0  libspace.o(.text)
    __user_setup_stackheap                   0x080009c9   Thumb Code    74  sys_stackheap_outer.o(.text)
    exit                                     0x08000a13   Thumb Code    12  exit.o(.text)
    strcmp                                   0x08000a21   Thumb Code   128  strcmpv7m.o(.text)
    _sys_exit                                0x08000aa1   Thumb Code     8  sys_exit.o(.text)
    __I$use$semihosting                      0x08000aad   Thumb Code     0  use_no_semi.o(.text)
    __use_no_semihosting_swi                 0x08000aad   Thumb Code     2  use_no_semi.o(.text)
    __semihosting_library_function           0x08000aaf   Thumb Code     0  indicate_semi.o(.text)
    _btod_d2e                                0x08000aaf   Thumb Code    62  btod.o(CL$$btod_d2e)
    _d2e_denorm_low                          0x08000aed   Thumb Code    70  btod.o(CL$$btod_d2e_denorm_low)
    _d2e_norm_op1                            0x08000b33   Thumb Code    96  btod.o(CL$$btod_d2e_norm_op1)
    __btod_div_common                        0x08000b93   Thumb Code   696  btod.o(CL$$btod_div_common)
    _e2e                                     0x08000ecb   Thumb Code   198  btod.o(CL$$btod_e2e)
    _btod_ediv                               0x08000f91   Thumb Code    40  btod.o(CL$$btod_ediv)
    _btod_emul                               0x08000fb9   Thumb Code    40  btod.o(CL$$btod_emul)
    __btod_mult_common                       0x08000fe1   Thumb Code   580  btod.o(CL$$btod_mult_common)
    ADC1_2_IRQHandler                        0x08001225   Thumb Code     6  stm32f1xx_it.o(i.ADC1_2_IRQHandler)
    ADC_ConversionStop_Disable               0x08001231   Thumb Code    86  stm32f1xx_hal_adc.o(i.ADC_ConversionStop_Disable)
    ADC_DMAConvCplt                          0x08001287   Thumb Code    78  stm32f1xx_hal_adc.o(i.ADC_DMAConvCplt)
    ADC_DMAError                             0x080012d5   Thumb Code    26  stm32f1xx_hal_adc.o(i.ADC_DMAError)
    ADC_DMAHalfConvCplt                      0x080012ef   Thumb Code    10  stm32f1xx_hal_adc.o(i.ADC_DMAHalfConvCplt)
    ADC_Enable                               0x080012f9   Thumb Code   114  stm32f1xx_hal_adc.o(i.ADC_Enable)
    ADC_Start                                0x08001375   Thumb Code    10  data_handle.o(i.ADC_Start)
    ADC_Stop                                 0x08001389   Thumb Code     6  data_handle.o(i.ADC_Stop)
    BusFault_Handler                         0x08001395   Thumb Code     2  stm32f1xx_it.o(i.BusFault_Handler)
    DAC8830_Init                             0x08001399   Thumb Code    80  dac8830.o(i.DAC8830_Init)
    DAC8830_Write16Byte                      0x080013f1   Thumb Code   100  dac8830.o(i.DAC8830_Write16Byte)
    DAC8830_WriteDate                        0x08001459   Thumb Code    32  dac8830.o(i.DAC8830_WriteDate)
    DMA1_Channel1_IRQHandler                 0x08001481   Thumb Code     6  stm32f1xx_it.o(i.DMA1_Channel1_IRQHandler)
    Data_handle                              0x080014b9   Thumb Code    64  data_handle.o(i.Data_handle)
    DebugMon_Handler                         0x0800150d   Thumb Code     2  stm32f1xx_it.o(i.DebugMon_Handler)
    Error_Handler                            0x0800150f   Thumb Code     4  main.o(i.Error_Handler)
    HAL_ADCEx_InjectedConvCpltCallback       0x08001513   Thumb Code     2  stm32f1xx_hal_adc_ex.o(i.HAL_ADCEx_InjectedConvCpltCallback)
    HAL_ADC_ConfigChannel                    0x08001515   Thumb Code   240  stm32f1xx_hal_adc.o(i.HAL_ADC_ConfigChannel)
    HAL_ADC_ConvCpltCallback                 0x08001611   Thumb Code   286  main.o(i.HAL_ADC_ConvCpltCallback)
    HAL_ADC_ConvHalfCpltCallback             0x0800175d   Thumb Code     2  stm32f1xx_hal_adc.o(i.HAL_ADC_ConvHalfCpltCallback)
    HAL_ADC_ErrorCallback                    0x0800175f   Thumb Code     2  stm32f1xx_hal_adc.o(i.HAL_ADC_ErrorCallback)
    HAL_ADC_IRQHandler                       0x08001761   Thumb Code   220  stm32f1xx_hal_adc.o(i.HAL_ADC_IRQHandler)
    HAL_ADC_Init                             0x0800183d   Thumb Code   272  stm32f1xx_hal_adc.o(i.HAL_ADC_Init)
    HAL_ADC_LevelOutOfWindowCallback         0x08001959   Thumb Code     2  stm32f1xx_hal_adc.o(i.HAL_ADC_LevelOutOfWindowCallback)
    HAL_ADC_MspInit                          0x0800195d   Thumb Code   138  adc.o(i.HAL_ADC_MspInit)
    HAL_ADC_Start_DMA                        0x080019fd   Thumb Code   246  stm32f1xx_hal_adc.o(i.HAL_ADC_Start_DMA)
    HAL_ADC_Stop_DMA                         0x08001b09   Thumb Code    86  stm32f1xx_hal_adc.o(i.HAL_ADC_Stop_DMA)
    HAL_DMA_Abort                            0x08001b5f   Thumb Code    70  stm32f1xx_hal_dma.o(i.HAL_DMA_Abort)
    HAL_DMA_Abort_IT                         0x08001ba5   Thumb Code   148  stm32f1xx_hal_dma.o(i.HAL_DMA_Abort_IT)
    HAL_DMA_IRQHandler                       0x08001c3d   Thumb Code   316  stm32f1xx_hal_dma.o(i.HAL_DMA_IRQHandler)
    HAL_DMA_Init                             0x08001d91   Thumb Code    84  stm32f1xx_hal_dma.o(i.HAL_DMA_Init)
    HAL_DMA_Start_IT                         0x08001ded   Thumb Code   112  stm32f1xx_hal_dma.o(i.HAL_DMA_Start_IT)
    HAL_GPIO_Init                            0x08001e5d   Thumb Code   446  stm32f1xx_hal_gpio.o(i.HAL_GPIO_Init)
    HAL_GPIO_WritePin                        0x0800203d   Thumb Code    10  stm32f1xx_hal_gpio.o(i.HAL_GPIO_WritePin)
    HAL_GetTick                              0x08002049   Thumb Code     6  stm32f1xx_hal.o(i.HAL_GetTick)
    HAL_IncTick                              0x08002055   Thumb Code    12  stm32f1xx_hal.o(i.HAL_IncTick)
    HAL_Init                                 0x08002065   Thumb Code    32  stm32f1xx_hal.o(i.HAL_Init)
    HAL_InitTick                             0x08002089   Thumb Code    54  stm32f1xx_hal.o(i.HAL_InitTick)
    HAL_MspInit                              0x080020c9   Thumb Code    52  stm32f1xx_hal_msp.o(i.HAL_MspInit)
    HAL_NVIC_EnableIRQ                       0x08002105   Thumb Code    26  stm32f1xx_hal_cortex.o(i.HAL_NVIC_EnableIRQ)
    HAL_NVIC_SetPriority                     0x08002121   Thumb Code    60  stm32f1xx_hal_cortex.o(i.HAL_NVIC_SetPriority)
    HAL_NVIC_SetPriorityGrouping             0x08002161   Thumb Code    26  stm32f1xx_hal_cortex.o(i.HAL_NVIC_SetPriorityGrouping)
    HAL_RCCEx_PeriphCLKConfig                0x08002185   Thumb Code   224  stm32f1xx_hal_rcc_ex.o(i.HAL_RCCEx_PeriphCLKConfig)
    HAL_RCC_ClockConfig                      0x08002271   Thumb Code   280  stm32f1xx_hal_rcc.o(i.HAL_RCC_ClockConfig)
    HAL_RCC_GetPCLK1Freq                     0x0800239d   Thumb Code    20  stm32f1xx_hal_rcc.o(i.HAL_RCC_GetPCLK1Freq)
    HAL_RCC_GetPCLK2Freq                     0x080023bd   Thumb Code    20  stm32f1xx_hal_rcc.o(i.HAL_RCC_GetPCLK2Freq)
    HAL_RCC_GetSysClockFreq                  0x080023dd   Thumb Code    58  stm32f1xx_hal_rcc.o(i.HAL_RCC_GetSysClockFreq)
    HAL_RCC_MCOConfig                        0x08002429   Thumb Code    64  stm32f1xx_hal_rcc.o(i.HAL_RCC_MCOConfig)
    HAL_RCC_OscConfig                        0x08002471   Thumb Code   778  stm32f1xx_hal_rcc.o(i.HAL_RCC_OscConfig)
    HAL_SYSTICK_CLKSourceConfig              0x08002791   Thumb Code    24  stm32f1xx_hal_cortex.o(i.HAL_SYSTICK_CLKSourceConfig)
    HAL_SYSTICK_Config                       0x080027a9   Thumb Code    40  stm32f1xx_hal_cortex.o(i.HAL_SYSTICK_Config)
    HAL_TIMEx_MasterConfigSynchronization    0x080027d1   Thumb Code    92  stm32f1xx_hal_tim_ex.o(i.HAL_TIMEx_MasterConfigSynchronization)
    HAL_TIM_Base_Init                        0x08002839   Thumb Code    90  stm32f1xx_hal_tim.o(i.HAL_TIM_Base_Init)
    HAL_TIM_Base_MspInit                     0x08002895   Thumb Code    30  tim.o(i.HAL_TIM_Base_MspInit)
    HAL_TIM_Base_Start                       0x080028bd   Thumb Code    66  stm32f1xx_hal_tim.o(i.HAL_TIM_Base_Start)
    HAL_TIM_ConfigClockSource                0x0800290d   Thumb Code   220  stm32f1xx_hal_tim.o(i.HAL_TIM_ConfigClockSource)
    HAL_UARTEx_RxEventCallback               0x080029e9   Thumb Code     2  stm32f1xx_hal_uart.o(i.HAL_UARTEx_RxEventCallback)
    HAL_UART_ErrorCallback                   0x080029eb   Thumb Code     2  stm32f1xx_hal_uart.o(i.HAL_UART_ErrorCallback)
    HAL_UART_IRQHandler                      0x080029ed   Thumb Code   616  stm32f1xx_hal_uart.o(i.HAL_UART_IRQHandler)
    HAL_UART_Init                            0x08002c59   Thumb Code   100  stm32f1xx_hal_uart.o(i.HAL_UART_Init)
    HAL_UART_MspInit                         0x08002cbd   Thumb Code   116  usart.o(i.HAL_UART_MspInit)
    HAL_UART_RxCpltCallback                  0x08002d3d   Thumb Code     2  stm32f1xx_hal_uart.o(i.HAL_UART_RxCpltCallback)
    HAL_UART_TxCpltCallback                  0x08002d3f   Thumb Code     2  stm32f1xx_hal_uart.o(i.HAL_UART_TxCpltCallback)
    HardFault_Handler                        0x08002d41   Thumb Code     2  stm32f1xx_it.o(i.HardFault_Handler)
    MX_ADC1_Init                             0x08002d45   Thumb Code    68  adc.o(i.MX_ADC1_Init)
    MX_DMA_Init                              0x08002d91   Thumb Code    40  dma.o(i.MX_DMA_Init)
    MX_GPIO_Init                             0x08002dbd   Thumb Code   132  gpio.o(i.MX_GPIO_Init)
    MX_TIM3_Init                             0x08002e4d   Thumb Code    96  tim.o(i.MX_TIM3_Init)
    MX_USART1_UART_Init                      0x08002eb5   Thumb Code    48  usart.o(i.MX_USART1_UART_Init)
    MemManage_Handler                        0x08002eed   Thumb Code     2  stm32f1xx_it.o(i.MemManage_Handler)
    MyUSART1_IRQHandler                      0x08002ef1   Thumb Code    40  myusart1.o(i.MyUSART1_IRQHandler)
    MyUSART1_Init                            0x08002f25   Thumb Code    16  myusart1.o(i.MyUSART1_Init)
    NMI_Handler                              0x08002f39   Thumb Code     2  stm32f1xx_it.o(i.NMI_Handler)
    PendSV_Handler                           0x08002f3b   Thumb Code     2  stm32f1xx_it.o(i.PendSV_Handler)
    SVC_Handler                              0x08002f3d   Thumb Code     2  stm32f1xx_it.o(i.SVC_Handler)
    SysTick_Handler                          0x08002f3f   Thumb Code     4  stm32f1xx_it.o(i.SysTick_Handler)
    SystemClock_Config                       0x08002f43   Thumb Code   130  main.o(i.SystemClock_Config)
    SystemInit                               0x08002fc5   Thumb Code     2  system_stm32f1xx.o(i.SystemInit)
    TIM_Base_SetConfig                       0x08002fc9   Thumb Code    94  stm32f1xx_hal_tim.o(i.TIM_Base_SetConfig)
    TIM_ETR_SetConfig                        0x08003035   Thumb Code    20  stm32f1xx_hal_tim.o(i.TIM_ETR_SetConfig)
    USART1_IRQHandler                        0x08003279   Thumb Code    18  stm32f1xx_it.o(i.USART1_IRQHandler)
    UsageFault_Handler                       0x08003295   Thumb Code     2  stm32f1xx_it.o(i.UsageFault_Handler)
    __ARM_fpclassify                         0x08003297   Thumb Code    40  fpclassify.o(i.__ARM_fpclassify)
    _is_digit                                0x080032df   Thumb Code    14  __printf_wp.o(i._is_digit)
    delay_init                               0x080032ed   Thumb Code    16  delay.o(i.delay_init)
    delay_ms                                 0x08003301   Thumb Code    10  delay.o(i.delay_ms)
    delay_s_us                               0x0800330b   Thumb Code    10  dac8830.o(i.delay_s_us)
    delay_us                                 0x08003315   Thumb Code    48  delay.o(i.delay_us)
    fputc                                    0x08003349   Thumb Code    20  myusart1.o(i.fputc)
    lock                                     0x08003365   Thumb Code    80  data_handle.o(i.lock)
    main                                     0x080033c1   Thumb Code    64  main.o(i.main)
    _get_lc_numeric                          0x08003409   Thumb Code    44  lc_numeric_c.o(locale$$code)
    __aeabi_dadd                             0x08003435   Thumb Code     0  daddsub_clz.o(x$fpl$dadd)
    _dadd                                    0x08003435   Thumb Code   332  daddsub_clz.o(x$fpl$dadd)
    __fpl_dcmp_Inf                           0x08003585   Thumb Code    24  dcmpi.o(x$fpl$dcmpinf)
    __aeabi_ddiv                             0x0800359d   Thumb Code     0  ddiv.o(x$fpl$ddiv)
    _ddiv                                    0x0800359d   Thumb Code   552  ddiv.o(x$fpl$ddiv)
    __aeabi_d2uiz                            0x0800384d   Thumb Code     0  dfixu.o(x$fpl$dfixu)
    _dfixu                                   0x0800384d   Thumb Code    90  dfixu.o(x$fpl$dfixu)
    __aeabi_ui2d                             0x080038a7   Thumb Code     0  dflt_clz.o(x$fpl$dfltu)
    _dfltu                                   0x080038a7   Thumb Code    38  dflt_clz.o(x$fpl$dfltu)
    __aeabi_cdcmple                          0x080038cd   Thumb Code     0  dleqf.o(x$fpl$dleqf)
    _dcmple                                  0x080038cd   Thumb Code   120  dleqf.o(x$fpl$dleqf)
    __fpl_dcmple_InfNaN                      0x0800392f   Thumb Code     0  dleqf.o(x$fpl$dleqf)
    __aeabi_dmul                             0x08003945   Thumb Code     0  dmul.o(x$fpl$dmul)
    _dmul                                    0x08003945   Thumb Code   332  dmul.o(x$fpl$dmul)
    __fpl_dnaninf                            0x08003a99   Thumb Code   156  dnaninf.o(x$fpl$dnaninf)
    __fpl_dretinf                            0x08003b35   Thumb Code    12  dretinf.o(x$fpl$dretinf)
    __aeabi_cdrcmple                         0x08003b41   Thumb Code     0  drleqf.o(x$fpl$drleqf)
    _drcmple                                 0x08003b41   Thumb Code   108  drleqf.o(x$fpl$drleqf)
    __aeabi_dsub                             0x08003bad   Thumb Code     0  daddsub_clz.o(x$fpl$dsub)
    _dsub                                    0x08003bad   Thumb Code   464  daddsub_clz.o(x$fpl$dsub)
    __aeabi_f2d                              0x08003d81   Thumb Code     0  f2d.o(x$fpl$f2d)
    _f2d                                     0x08003d81   Thumb Code    86  f2d.o(x$fpl$f2d)
    __aeabi_fdiv                             0x08003dd9   Thumb Code     0  fdiv.o(x$fpl$fdiv)
    _fdiv                                    0x08003dd9   Thumb Code   384  fdiv.o(x$fpl$fdiv)
    __aeabi_ui2f                             0x08003f5d   Thumb Code     0  fflt_clz.o(x$fpl$ffltu)
    _ffltu                                   0x08003f5d   Thumb Code    38  fflt_clz.o(x$fpl$ffltu)
    __fpl_fnaninf                            0x08003f83   Thumb Code   140  fnaninf.o(x$fpl$fnaninf)
    __fpl_fretinf                            0x0800400f   Thumb Code    10  fretinf.o(x$fpl$fretinf)
    _printf_fp_dec                           0x08004019   Thumb Code     4  printf1.o(x$fpl$printf1)
    __I$use$fp                               0x0800401c   Number         0  usenofp.o(x$fpl$usenofp)
    AHBPrescTable                            0x0800402e   Data          16  system_stm32f1xx.o(.constdata)
    APBPrescTable                            0x0800403e   Data           8  system_stm32f1xx.o(.constdata)
    Region$$Table$$Base                      0x080040dc   Number         0  anon$$obj.o(Region$$Table)
    Region$$Table$$Limit                     0x080040fc   Number         0  anon$$obj.o(Region$$Table)
    num                                      0x20000000   Data           2  main.o(.data)
    start                                    0x20000002   Data           2  main.o(.data)
    lock_flag                                0x20000004   Data           2  main.o(.data)
    lock_1                                   0x20000008   Data           8  main.o(.data)
    lock_2                                   0x20000010   Data           8  main.o(.data)
    uwTickFreq                               0x20000018   Data           1  stm32f1xx_hal.o(.data)
    uwTickPrio                               0x2000001c   Data           4  stm32f1xx_hal.o(.data)
    uwTick                                   0x20000020   Data           4  stm32f1xx_hal.o(.data)
    SystemCoreClock                          0x20000024   Data           4  system_stm32f1xx.o(.data)
    MyUSART1_bufferOverflowFlag              0x2000002c   Data           1  myusart1.o(.data)
    MyUSART1_bufferPos                       0x20000030   Data           4  myusart1.o(.data)
    MyUSART1_dummyHandle                     0x20000034   Data           4  myusart1.o(.data)
    __stdout                                 0x20000038   Data           4  myusart1.o(.data)
    hadc1                                    0x2000003c   Data          48  adc.o(.bss)
    hdma_adc1                                0x2000006c   Data          68  adc.o(.bss)
    htim3                                    0x200000b0   Data          72  tim.o(.bss)
    huart1                                   0x200000f8   Data          72  usart.o(.bss)
    MyUSART1_buffer                          0x20000140   Data         100  myusart1.o(.bss)
    data                                     0x200001a8   Data        1600  data_handle.o(.bss)
    ADC_GetValue                             0x200007e8   Data         400  data_handle.o(.bss)
    __libspace_start                         0x20000978   Data          96  libspace.o(.bss)
    __temporary_stack_top$libspace           0x200009d8   Data           0  libspace.o(.bss)



==============================================================================

Memory Map of the image

  Image Entry point : 0x080000ed

  Load Region LR_IROM1 (Base: 0x08000000, Size: 0x00004154, Max: 0x00010000, ABSOLUTE)

    Execution Region ER_IROM1 (Exec base: 0x08000000, Load base: 0x08000000, Size: 0x00004118, Max: 0x00010000, ABSOLUTE)

    Exec Addr    Load Addr    Size         Type   Attr      Idx    E Section Name        Object

    0x08000000   0x08000000   0x000000ec   Data   RO            3    RESET               startup_stm32f103xb.o
    0x080000ec   0x080000ec   0x00000008   Code   RO         3495  * !!!main             c_w.l(__main.o)
    0x080000f4   0x080000f4   0x00000034   Code   RO         3760    !!!scatter          c_w.l(__scatter.o)
    0x08000128   0x08000128   0x0000001a   Code   RO         3762    !!handler_copy      c_w.l(__scatter_copy.o)
    0x08000142   0x08000142   0x00000002   PAD
    0x08000144   0x08000144   0x0000001c   Code   RO         3764    !!handler_zi        c_w.l(__scatter_zi.o)
    0x08000160   0x08000160   0x00000000   Code   RO         3490    .ARM.Collect$$_printf_percent$$00000000  c_w.l(_printf_percent.o)
    0x08000160   0x08000160   0x00000006   Code   RO         3489    .ARM.Collect$$_printf_percent$$00000003  c_w.l(_printf_f.o)
    0x08000166   0x08000166   0x00000004   Code   RO         3542    .ARM.Collect$$_printf_percent$$00000017  c_w.l(_printf_percent_end.o)
    0x0800016a   0x0800016a   0x00000002   Code   RO         3634    .ARM.Collect$$libinit$$00000000  c_w.l(libinit.o)
    0x0800016c   0x0800016c   0x00000000   Code   RO         3636    .ARM.Collect$$libinit$$00000002  c_w.l(libinit2.o)
    0x0800016c   0x0800016c   0x00000000   Code   RO         3638    .ARM.Collect$$libinit$$00000004  c_w.l(libinit2.o)
    0x0800016c   0x0800016c   0x00000000   Code   RO         3641    .ARM.Collect$$libinit$$0000000A  c_w.l(libinit2.o)
    0x0800016c   0x0800016c   0x00000000   Code   RO         3643    .ARM.Collect$$libinit$$0000000C  c_w.l(libinit2.o)
    0x0800016c   0x0800016c   0x00000000   Code   RO         3645    .ARM.Collect$$libinit$$0000000E  c_w.l(libinit2.o)
    0x0800016c   0x0800016c   0x00000006   Code   RO         3646    .ARM.Collect$$libinit$$0000000F  c_w.l(libinit2.o)
    0x08000172   0x08000172   0x00000000   Code   RO         3648    .ARM.Collect$$libinit$$00000011  c_w.l(libinit2.o)
    0x08000172   0x08000172   0x00000000   Code   RO         3650    .ARM.Collect$$libinit$$00000013  c_w.l(libinit2.o)
    0x08000172   0x08000172   0x00000000   Code   RO         3652    .ARM.Collect$$libinit$$00000015  c_w.l(libinit2.o)
    0x08000172   0x08000172   0x0000000a   Code   RO         3653    .ARM.Collect$$libinit$$00000016  c_w.l(libinit2.o)
    0x0800017c   0x0800017c   0x00000000   Code   RO         3654    .ARM.Collect$$libinit$$00000017  c_w.l(libinit2.o)
    0x0800017c   0x0800017c   0x00000000   Code   RO         3656    .ARM.Collect$$libinit$$00000019  c_w.l(libinit2.o)
    0x0800017c   0x0800017c   0x00000000   Code   RO         3658    .ARM.Collect$$libinit$$0000001B  c_w.l(libinit2.o)
    0x0800017c   0x0800017c   0x00000000   Code   RO         3660    .ARM.Collect$$libinit$$0000001D  c_w.l(libinit2.o)
    0x0800017c   0x0800017c   0x00000000   Code   RO         3662    .ARM.Collect$$libinit$$0000001F  c_w.l(libinit2.o)
    0x0800017c   0x0800017c   0x00000000   Code   RO         3664    .ARM.Collect$$libinit$$00000021  c_w.l(libinit2.o)
    0x0800017c   0x0800017c   0x00000000   Code   RO         3666    .ARM.Collect$$libinit$$00000023  c_w.l(libinit2.o)
    0x0800017c   0x0800017c   0x00000000   Code   RO         3668    .ARM.Collect$$libinit$$00000025  c_w.l(libinit2.o)
    0x0800017c   0x0800017c   0x00000000   Code   RO         3672    .ARM.Collect$$libinit$$0000002C  c_w.l(libinit2.o)
    0x0800017c   0x0800017c   0x00000000   Code   RO         3674    .ARM.Collect$$libinit$$0000002E  c_w.l(libinit2.o)
    0x0800017c   0x0800017c   0x00000000   Code   RO         3676    .ARM.Collect$$libinit$$00000030  c_w.l(libinit2.o)
    0x0800017c   0x0800017c   0x00000000   Code   RO         3678    .ARM.Collect$$libinit$$00000032  c_w.l(libinit2.o)
    0x0800017c   0x0800017c   0x00000002   Code   RO         3679    .ARM.Collect$$libinit$$00000033  c_w.l(libinit2.o)
    0x0800017e   0x0800017e   0x00000002   Code   RO         3709    .ARM.Collect$$libshutdown$$00000000  c_w.l(libshutdown.o)
    0x08000180   0x08000180   0x00000000   Code   RO         3721    .ARM.Collect$$libshutdown$$00000003  c_w.l(libshutdown2.o)
    0x08000180   0x08000180   0x00000000   Code   RO         3724    .ARM.Collect$$libshutdown$$00000006  c_w.l(libshutdown2.o)
    0x08000180   0x08000180   0x00000000   Code   RO         3727    .ARM.Collect$$libshutdown$$00000009  c_w.l(libshutdown2.o)
    0x08000180   0x08000180   0x00000000   Code   RO         3729    .ARM.Collect$$libshutdown$$0000000B  c_w.l(libshutdown2.o)
    0x08000180   0x08000180   0x00000000   Code   RO         3732    .ARM.Collect$$libshutdown$$0000000E  c_w.l(libshutdown2.o)
    0x08000180   0x08000180   0x00000002   Code   RO         3733    .ARM.Collect$$libshutdown$$0000000F  c_w.l(libshutdown2.o)
    0x08000182   0x08000182   0x00000000   Code   RO         3535    .ARM.Collect$$rtentry$$00000000  c_w.l(__rtentry.o)
    0x08000182   0x08000182   0x00000000   Code   RO         3555    .ARM.Collect$$rtentry$$00000002  c_w.l(__rtentry2.o)
    0x08000182   0x08000182   0x00000006   Code   RO         3567    .ARM.Collect$$rtentry$$00000004  c_w.l(__rtentry4.o)
    0x08000188   0x08000188   0x00000000   Code   RO         3557    .ARM.Collect$$rtentry$$00000009  c_w.l(__rtentry2.o)
    0x08000188   0x08000188   0x00000004   Code   RO         3558    .ARM.Collect$$rtentry$$0000000A  c_w.l(__rtentry2.o)
    0x0800018c   0x0800018c   0x00000000   Code   RO         3560    .ARM.Collect$$rtentry$$0000000C  c_w.l(__rtentry2.o)
    0x0800018c   0x0800018c   0x00000008   Code   RO         3561    .ARM.Collect$$rtentry$$0000000D  c_w.l(__rtentry2.o)
    0x08000194   0x08000194   0x00000002   Code   RO         3680    .ARM.Collect$$rtexit$$00000000  c_w.l(rtexit.o)
    0x08000196   0x08000196   0x00000000   Code   RO         3687    .ARM.Collect$$rtexit$$00000002  c_w.l(rtexit2.o)
    0x08000196   0x08000196   0x00000004   Code   RO         3688    .ARM.Collect$$rtexit$$00000003  c_w.l(rtexit2.o)
    0x0800019a   0x0800019a   0x00000006   Code   RO         3689    .ARM.Collect$$rtexit$$00000004  c_w.l(rtexit2.o)
    0x080001a0   0x080001a0   0x00000040   Code   RO            4    .text               startup_stm32f103xb.o
    0x080001e0   0x080001e0   0x00000018   Code   RO         3462    .text               c_w.l(noretval__2printf.o)
    0x080001f8   0x080001f8   0x0000010e   Code   RO         3476    .text               c_w.l(__printf_wp.o)
    0x08000306   0x08000306   0x0000004e   Code   RO         3491    .text               c_w.l(rt_memclr_w.o)
    0x08000354   0x08000354   0x00000006   Code   RO         3493    .text               c_w.l(heapauxi.o)
    0x0800035a   0x0800035a   0x0000041a   Code   RO         3538    .text               c_w.l(_printf_fp_dec.o)
    0x08000774   0x08000774   0x00000024   Code   RO         3540    .text               c_w.l(_printf_char_file.o)
    0x08000798   0x08000798   0x00000008   Code   RO         3572    .text               c_w.l(rt_locale_intlibspace.o)
    0x080007a0   0x080007a0   0x0000008a   Code   RO         3574    .text               c_w.l(lludiv10.o)
    0x0800082a   0x0800082a   0x00000002   PAD
    0x0800082c   0x0800082c   0x00000030   Code   RO         3576    .text               c_w.l(_printf_char_common.o)
    0x0800085c   0x0800085c   0x00000080   Code   RO         3578    .text               c_w.l(_printf_fp_infnan.o)
    0x080008dc   0x080008dc   0x000000dc   Code   RO         3580    .text               c_w.l(bigflt0.o)
    0x080009b8   0x080009b8   0x00000008   Code   RO         3605    .text               c_w.l(ferror.o)
    0x080009c0   0x080009c0   0x00000008   Code   RO         3618    .text               c_w.l(libspace.o)
    0x080009c8   0x080009c8   0x0000004a   Code   RO         3621    .text               c_w.l(sys_stackheap_outer.o)
    0x08000a12   0x08000a12   0x0000000c   Code   RO         3625    .text               c_w.l(exit.o)
    0x08000a1e   0x08000a1e   0x00000002   PAD
    0x08000a20   0x08000a20   0x00000080   Code   RO         3627    .text               c_w.l(strcmpv7m.o)
    0x08000aa0   0x08000aa0   0x0000000c   Code   RO         3699    .text               c_w.l(sys_exit.o)
    0x08000aac   0x08000aac   0x00000002   Code   RO         3710    .text               c_w.l(use_no_semi.o)
    0x08000aae   0x08000aae   0x00000000   Code   RO         3712    .text               c_w.l(indicate_semi.o)
    0x08000aae   0x08000aae   0x0000003e   Code   RO         3583    CL$$btod_d2e        c_w.l(btod.o)
    0x08000aec   0x08000aec   0x00000046   Code   RO         3585    CL$$btod_d2e_denorm_low  c_w.l(btod.o)
    0x08000b32   0x08000b32   0x00000060   Code   RO         3584    CL$$btod_d2e_norm_op1  c_w.l(btod.o)
    0x08000b92   0x08000b92   0x00000338   Code   RO         3593    CL$$btod_div_common  c_w.l(btod.o)
    0x08000eca   0x08000eca   0x000000c6   Code   RO         3590    CL$$btod_e2e        c_w.l(btod.o)
    0x08000f90   0x08000f90   0x00000028   Code   RO         3587    CL$$btod_ediv       c_w.l(btod.o)
    0x08000fb8   0x08000fb8   0x00000028   Code   RO         3586    CL$$btod_emul       c_w.l(btod.o)
    0x08000fe0   0x08000fe0   0x00000244   Code   RO         3592    CL$$btod_mult_common  c_w.l(btod.o)
    0x08001224   0x08001224   0x0000000c   Code   RO          360    i.ADC1_2_IRQHandler  stm32f1xx_it.o
    0x08001230   0x08001230   0x00000056   Code   RO          514    i.ADC_ConversionStop_Disable  stm32f1xx_hal_adc.o
    0x08001286   0x08001286   0x0000004e   Code   RO          515    i.ADC_DMAConvCplt   stm32f1xx_hal_adc.o
    0x080012d4   0x080012d4   0x0000001a   Code   RO          516    i.ADC_DMAError      stm32f1xx_hal_adc.o
    0x080012ee   0x080012ee   0x0000000a   Code   RO          517    i.ADC_DMAHalfConvCplt  stm32f1xx_hal_adc.o
    0x080012f8   0x080012f8   0x0000007c   Code   RO          518    i.ADC_Enable        stm32f1xx_hal_adc.o
    0x08001374   0x08001374   0x00000014   Code   RO         3347    i.ADC_Start         data_handle.o
    0x08001388   0x08001388   0x0000000c   Code   RO         3348    i.ADC_Stop          data_handle.o
    0x08001394   0x08001394   0x00000002   Code   RO          361    i.BusFault_Handler  stm32f1xx_it.o
    0x08001396   0x08001396   0x00000002   PAD
    0x08001398   0x08001398   0x00000058   Code   RO         3408    i.DAC8830_Init      dac8830.o
    0x080013f0   0x080013f0   0x00000068   Code   RO         3409    i.DAC8830_Write16Byte  dac8830.o
    0x08001458   0x08001458   0x00000028   Code   RO         3411    i.DAC8830_WriteDate  dac8830.o
    0x08001480   0x08001480   0x0000000c   Code   RO          362    i.DMA1_Channel1_IRQHandler  stm32f1xx_it.o
    0x0800148c   0x0800148c   0x0000002a   Code   RO         1170    i.DMA_SetConfig     stm32f1xx_hal_dma.o
    0x080014b6   0x080014b6   0x00000002   PAD
    0x080014b8   0x080014b8   0x00000054   Code   RO         3349    i.Data_handle       data_handle.o
    0x0800150c   0x0800150c   0x00000002   Code   RO          363    i.DebugMon_Handler  stm32f1xx_it.o
    0x0800150e   0x0800150e   0x00000004   Code   RO           13    i.Error_Handler     main.o
    0x08001512   0x08001512   0x00000002   Code   RO          696    i.HAL_ADCEx_InjectedConvCpltCallback  stm32f1xx_hal_adc_ex.o
    0x08001514   0x08001514   0x000000fc   Code   RO          520    i.HAL_ADC_ConfigChannel  stm32f1xx_hal_adc.o
    0x08001610   0x08001610   0x0000014c   Code   RO           14    i.HAL_ADC_ConvCpltCallback  main.o
    0x0800175c   0x0800175c   0x00000002   Code   RO          522    i.HAL_ADC_ConvHalfCpltCallback  stm32f1xx_hal_adc.o
    0x0800175e   0x0800175e   0x00000002   Code   RO          524    i.HAL_ADC_ErrorCallback  stm32f1xx_hal_adc.o
    0x08001760   0x08001760   0x000000dc   Code   RO          528    i.HAL_ADC_IRQHandler  stm32f1xx_hal_adc.o
    0x0800183c   0x0800183c   0x0000011c   Code   RO          529    i.HAL_ADC_Init      stm32f1xx_hal_adc.o
    0x08001958   0x08001958   0x00000002   Code   RO          530    i.HAL_ADC_LevelOutOfWindowCallback  stm32f1xx_hal_adc.o
    0x0800195a   0x0800195a   0x00000002   PAD
    0x0800195c   0x0800195c   0x000000a0   Code   RO          211    i.HAL_ADC_MspInit   adc.o
    0x080019fc   0x080019fc   0x0000010c   Code   RO          536    i.HAL_ADC_Start_DMA  stm32f1xx_hal_adc.o
    0x08001b08   0x08001b08   0x00000056   Code   RO          539    i.HAL_ADC_Stop_DMA  stm32f1xx_hal_adc.o
    0x08001b5e   0x08001b5e   0x00000046   Code   RO         1171    i.HAL_DMA_Abort     stm32f1xx_hal_dma.o
    0x08001ba4   0x08001ba4   0x00000098   Code   RO         1172    i.HAL_DMA_Abort_IT  stm32f1xx_hal_dma.o
    0x08001c3c   0x08001c3c   0x00000154   Code   RO         1176    i.HAL_DMA_IRQHandler  stm32f1xx_hal_dma.o
    0x08001d90   0x08001d90   0x0000005c   Code   RO         1177    i.HAL_DMA_Init      stm32f1xx_hal_dma.o
    0x08001dec   0x08001dec   0x00000070   Code   RO         1181    i.HAL_DMA_Start_IT  stm32f1xx_hal_dma.o
    0x08001e5c   0x08001e5c   0x000001e0   Code   RO         1107    i.HAL_GPIO_Init     stm32f1xx_hal_gpio.o
    0x0800203c   0x0800203c   0x0000000a   Code   RO         1111    i.HAL_GPIO_WritePin  stm32f1xx_hal_gpio.o
    0x08002046   0x08002046   0x00000002   PAD
    0x08002048   0x08002048   0x0000000c   Code   RO          801    i.HAL_GetTick       stm32f1xx_hal.o
    0x08002054   0x08002054   0x00000010   Code   RO          807    i.HAL_IncTick       stm32f1xx_hal.o
    0x08002064   0x08002064   0x00000024   Code   RO          808    i.HAL_Init          stm32f1xx_hal.o
    0x08002088   0x08002088   0x00000040   Code   RO          809    i.HAL_InitTick      stm32f1xx_hal.o
    0x080020c8   0x080020c8   0x0000003c   Code   RO          454    i.HAL_MspInit       stm32f1xx_hal_msp.o
    0x08002104   0x08002104   0x0000001a   Code   RO         1267    i.HAL_NVIC_EnableIRQ  stm32f1xx_hal_cortex.o
    0x0800211e   0x0800211e   0x00000002   PAD
    0x08002120   0x08002120   0x00000040   Code   RO         1273    i.HAL_NVIC_SetPriority  stm32f1xx_hal_cortex.o
    0x08002160   0x08002160   0x00000024   Code   RO         1274    i.HAL_NVIC_SetPriorityGrouping  stm32f1xx_hal_cortex.o
    0x08002184   0x08002184   0x000000ec   Code   RO         1069    i.HAL_RCCEx_PeriphCLKConfig  stm32f1xx_hal_rcc_ex.o
    0x08002270   0x08002270   0x0000012c   Code   RO          965    i.HAL_RCC_ClockConfig  stm32f1xx_hal_rcc.o
    0x0800239c   0x0800239c   0x00000020   Code   RO          972    i.HAL_RCC_GetPCLK1Freq  stm32f1xx_hal_rcc.o
    0x080023bc   0x080023bc   0x00000020   Code   RO          973    i.HAL_RCC_GetPCLK2Freq  stm32f1xx_hal_rcc.o
    0x080023dc   0x080023dc   0x0000004c   Code   RO          974    i.HAL_RCC_GetSysClockFreq  stm32f1xx_hal_rcc.o
    0x08002428   0x08002428   0x00000048   Code   RO          975    i.HAL_RCC_MCOConfig  stm32f1xx_hal_rcc.o
    0x08002470   0x08002470   0x00000320   Code   RO          977    i.HAL_RCC_OscConfig  stm32f1xx_hal_rcc.o
    0x08002790   0x08002790   0x00000018   Code   RO         1276    i.HAL_SYSTICK_CLKSourceConfig  stm32f1xx_hal_cortex.o
    0x080027a8   0x080027a8   0x00000028   Code   RO         1278    i.HAL_SYSTICK_Config  stm32f1xx_hal_cortex.o
    0x080027d0   0x080027d0   0x00000068   Code   RO         2492    i.HAL_TIMEx_MasterConfigSynchronization  stm32f1xx_hal_tim_ex.o
    0x08002838   0x08002838   0x0000005a   Code   RO         1769    i.HAL_TIM_Base_Init  stm32f1xx_hal_tim.o
    0x08002892   0x08002892   0x00000002   PAD
    0x08002894   0x08002894   0x00000028   Code   RO          277    i.HAL_TIM_Base_MspInit  tim.o
    0x080028bc   0x080028bc   0x00000050   Code   RO         1772    i.HAL_TIM_Base_Start  stm32f1xx_hal_tim.o
    0x0800290c   0x0800290c   0x000000dc   Code   RO         1778    i.HAL_TIM_ConfigClockSource  stm32f1xx_hal_tim.o
    0x080029e8   0x080029e8   0x00000002   Code   RO         2752    i.HAL_UARTEx_RxEventCallback  stm32f1xx_hal_uart.o
    0x080029ea   0x080029ea   0x00000002   Code   RO         2766    i.HAL_UART_ErrorCallback  stm32f1xx_hal_uart.o
    0x080029ec   0x080029ec   0x0000026c   Code   RO         2769    i.HAL_UART_IRQHandler  stm32f1xx_hal_uart.o
    0x08002c58   0x08002c58   0x00000064   Code   RO         2770    i.HAL_UART_Init     stm32f1xx_hal_uart.o
    0x08002cbc   0x08002cbc   0x00000080   Code   RO          319    i.HAL_UART_MspInit  usart.o
    0x08002d3c   0x08002d3c   0x00000002   Code   RO         2776    i.HAL_UART_RxCpltCallback  stm32f1xx_hal_uart.o
    0x08002d3e   0x08002d3e   0x00000002   Code   RO         2781    i.HAL_UART_TxCpltCallback  stm32f1xx_hal_uart.o
    0x08002d40   0x08002d40   0x00000002   Code   RO          364    i.HardFault_Handler  stm32f1xx_it.o
    0x08002d42   0x08002d42   0x00000002   PAD
    0x08002d44   0x08002d44   0x0000004c   Code   RO          212    i.MX_ADC1_Init      adc.o
    0x08002d90   0x08002d90   0x0000002c   Code   RO          252    i.MX_DMA_Init       dma.o
    0x08002dbc   0x08002dbc   0x00000090   Code   RO          186    i.MX_GPIO_Init      gpio.o
    0x08002e4c   0x08002e4c   0x00000068   Code   RO          278    i.MX_TIM3_Init      tim.o
    0x08002eb4   0x08002eb4   0x00000038   Code   RO          320    i.MX_USART1_UART_Init  usart.o
    0x08002eec   0x08002eec   0x00000002   Code   RO          365    i.MemManage_Handler  stm32f1xx_it.o
    0x08002eee   0x08002eee   0x00000002   PAD
    0x08002ef0   0x08002ef0   0x00000034   Code   RO         3198    i.MyUSART1_IRQHandler  myusart1.o
    0x08002f24   0x08002f24   0x00000014   Code   RO         3199    i.MyUSART1_Init     myusart1.o
    0x08002f38   0x08002f38   0x00000002   Code   RO          366    i.NMI_Handler       stm32f1xx_it.o
    0x08002f3a   0x08002f3a   0x00000002   Code   RO          367    i.PendSV_Handler    stm32f1xx_it.o
    0x08002f3c   0x08002f3c   0x00000002   Code   RO          368    i.SVC_Handler       stm32f1xx_it.o
    0x08002f3e   0x08002f3e   0x00000004   Code   RO          369    i.SysTick_Handler   stm32f1xx_it.o
    0x08002f42   0x08002f42   0x00000082   Code   RO           15    i.SystemClock_Config  main.o
    0x08002fc4   0x08002fc4   0x00000002   Code   RO         3104    i.SystemInit        system_stm32f1xx.o
    0x08002fc6   0x08002fc6   0x00000002   PAD
    0x08002fc8   0x08002fc8   0x0000006c   Code   RO         1862    i.TIM_Base_SetConfig  stm32f1xx_hal_tim.o
    0x08003034   0x08003034   0x00000014   Code   RO         1873    i.TIM_ETR_SetConfig  stm32f1xx_hal_tim.o
    0x08003048   0x08003048   0x00000010   Code   RO         1874    i.TIM_ITRx_SetConfig  stm32f1xx_hal_tim.o
    0x08003058   0x08003058   0x00000022   Code   RO         1880    i.TIM_TI1_ConfigInputStage  stm32f1xx_hal_tim.o
    0x0800307a   0x0800307a   0x00000024   Code   RO         1882    i.TIM_TI2_ConfigInputStage  stm32f1xx_hal_tim.o
    0x0800309e   0x0800309e   0x00000010   Code   RO         2783    i.UART_DMAAbortOnError  stm32f1xx_hal_uart.o
    0x080030ae   0x080030ae   0x0000004e   Code   RO         2793    i.UART_EndRxTransfer  stm32f1xx_hal_uart.o
    0x080030fc   0x080030fc   0x000000c2   Code   RO         2795    i.UART_Receive_IT   stm32f1xx_hal_uart.o
    0x080031be   0x080031be   0x00000002   PAD
    0x080031c0   0x080031c0   0x000000b8   Code   RO         2796    i.UART_SetConfig    stm32f1xx_hal_uart.o
    0x08003278   0x08003278   0x0000001c   Code   RO          370    i.USART1_IRQHandler  stm32f1xx_it.o
    0x08003294   0x08003294   0x00000002   Code   RO          371    i.UsageFault_Handler  stm32f1xx_it.o
    0x08003296   0x08003296   0x00000028   Code   RO         3616    i.__ARM_fpclassify  m_ws.l(fpclassify.o)
    0x080032be   0x080032be   0x00000020   Code   RO         1280    i.__NVIC_SetPriority  stm32f1xx_hal_cortex.o
    0x080032de   0x080032de   0x0000000e   Code   RO         3478    i._is_digit         c_w.l(__printf_wp.o)
    0x080032ec   0x080032ec   0x00000014   Code   RO         3142    i.delay_init        delay.o
    0x08003300   0x08003300   0x0000000a   Code   RO         3143    i.delay_ms          delay.o
    0x0800330a   0x0800330a   0x0000000a   Code   RO         3412    i.delay_s_us        dac8830.o
    0x08003314   0x08003314   0x00000034   Code   RO         3145    i.delay_us          delay.o
    0x08003348   0x08003348   0x0000001c   Code   RO         3214    i.fputc             myusart1.o
    0x08003364   0x08003364   0x0000005c   Code   RO         3352    i.lock              data_handle.o
    0x080033c0   0x080033c0   0x00000048   Code   RO           16    i.main              main.o
    0x08003408   0x08003408   0x0000002c   Code   RO         3610    locale$$code        c_w.l(lc_numeric_c.o)
    0x08003434   0x08003434   0x00000150   Code   RO         3497    x$fpl$dadd          fz_ws.l(daddsub_clz.o)
    0x08003584   0x08003584   0x00000018   Code   RO         3612    x$fpl$dcmpinf       fz_ws.l(dcmpi.o)
    0x0800359c   0x0800359c   0x000002b0   Code   RO         3504    x$fpl$ddiv          fz_ws.l(ddiv.o)
    0x0800384c   0x0800384c   0x0000005a   Code   RO         3507    x$fpl$dfixu         fz_ws.l(dfixu.o)
    0x080038a6   0x080038a6   0x00000026   Code   RO         3511    x$fpl$dfltu         fz_ws.l(dflt_clz.o)
    0x080038cc   0x080038cc   0x00000078   Code   RO         3543    x$fpl$dleqf         fz_ws.l(dleqf.o)
    0x08003944   0x08003944   0x00000154   Code   RO         3517    x$fpl$dmul          fz_ws.l(dmul.o)
    0x08003a98   0x08003a98   0x0000009c   Code   RO         3545    x$fpl$dnaninf       fz_ws.l(dnaninf.o)
    0x08003b34   0x08003b34   0x0000000c   Code   RO         3547    x$fpl$dretinf       fz_ws.l(dretinf.o)
    0x08003b40   0x08003b40   0x0000006c   Code   RO         3519    x$fpl$drleqf        fz_ws.l(drleqf.o)
    0x08003bac   0x08003bac   0x000001d4   Code   RO         3499    x$fpl$dsub          fz_ws.l(daddsub_clz.o)
    0x08003d80   0x08003d80   0x00000056   Code   RO         3521    x$fpl$f2d           fz_ws.l(f2d.o)
    0x08003dd6   0x08003dd6   0x00000002   PAD
    0x08003dd8   0x08003dd8   0x00000184   Code   RO         3524    x$fpl$fdiv          fz_ws.l(fdiv.o)
    0x08003f5c   0x08003f5c   0x00000026   Code   RO         3527    x$fpl$ffltu         fz_ws.l(fflt_clz.o)
    0x08003f82   0x08003f82   0x0000008c   Code   RO         3549    x$fpl$fnaninf       fz_ws.l(fnaninf.o)
    0x0800400e   0x0800400e   0x0000000a   Code   RO         3551    x$fpl$fretinf       fz_ws.l(fretinf.o)
    0x08004018   0x08004018   0x00000004   Code   RO         3533    x$fpl$printf1       fz_ws.l(printf1.o)
    0x0800401c   0x0800401c   0x00000000   Code   RO         3553    x$fpl$usenofp       fz_ws.l(usenofp.o)
    0x0800401c   0x0800401c   0x00000012   Data   RO          978    .constdata          stm32f1xx_hal_rcc.o
    0x0800402e   0x0800402e   0x00000010   Data   RO         3105    .constdata          system_stm32f1xx.o
    0x0800403e   0x0800403e   0x00000008   Data   RO         3106    .constdata          system_stm32f1xx.o
    0x08004046   0x08004046   0x00000002   PAD
    0x08004048   0x08004048   0x00000094   Data   RO         3581    .constdata          c_w.l(bigflt0.o)
    0x080040dc   0x080040dc   0x00000020   Data   RO         3758    Region$$Table       anon$$obj.o
    0x080040fc   0x080040fc   0x0000001c   Data   RO         3609    locale$$data        c_w.l(lc_numeric_c.o)


    Execution Region RW_IRAM1 (Exec base: 0x20000000, Load base: 0x08004118, Size: 0x00000fd8, Max: 0x00005000, ABSOLUTE)

    Exec Addr    Load Addr    Size         Type   Attr      Idx    E Section Name        Object

    0x20000000   0x08004118   0x00000018   Data   RW           17    .data               main.o
    0x20000018   0x08004130   0x0000000c   Data   RW          815    .data               stm32f1xx_hal.o
    0x20000024   0x0800413c   0x00000004   Data   RW         3107    .data               system_stm32f1xx.o
    0x20000028   0x08004140   0x00000002   Data   RW         3146    .data               delay.o
    0x2000002a   0x08004142   0x00000002   PAD
    0x2000002c   0x08004144   0x0000000c   Data   RW         3216    .data               myusart1.o
    0x20000038   0x08004150   0x00000004   Data   RW         3217    .data               myusart1.o
    0x2000003c        -       0x00000074   Zero   RW          213    .bss                adc.o
    0x200000b0        -       0x00000048   Zero   RW          279    .bss                tim.o
    0x200000f8        -       0x00000048   Zero   RW          321    .bss                usart.o
    0x20000140        -       0x00000064   Zero   RW         3215    .bss                myusart1.o
    0x200001a4   0x08004154   0x00000004   PAD
    0x200001a8        -       0x000007d0   Zero   RW         3353    .bss                data_handle.o
    0x20000978        -       0x00000060   Zero   RW         3619    .bss                c_w.l(libspace.o)
    0x200009d8        -       0x00000200   Zero   RW            2    HEAP                startup_stm32f103xb.o
    0x20000bd8        -       0x00000400   Zero   RW            1    STACK               startup_stm32f103xb.o


==============================================================================

Image component sizes


      Code (inc. data)   RO Data    RW Data    ZI Data      Debug   Object Name

       236         30          0          0        116       1643   adc.o
       242         20          0          0          0       2402   dac8830.o
       208         48          0          0       2000       2586   data_handle.o
        82          8          0          2          0       1579   delay.o
        44          4          0          0          0        722   dma.o
       144         12          0          0          0        919   gpio.o
       538         54          0         24          0     449691   main.o
       100         24          0         16        100       3708   myusart1.o
        64         26        236          0       1536        792   startup_stm32f103xb.o
       128         24          0         12          0       5141   stm32f1xx_hal.o
      1440         56          0          0          0       8982   stm32f1xx_hal_adc.o
         2          0          0          0          0       1021   stm32f1xx_hal_adc_ex.o
       222         14          0          0          0      29033   stm32f1xx_hal_cortex.o
       808         36          0          0          0       4394   stm32f1xx_hal_dma.o
       490         34          0          0          0       2500   stm32f1xx_hal_gpio.o
        60          8          0          0          0        834   stm32f1xx_hal_msp.o
      1312         92         18          0          0       5424   stm32f1xx_hal_rcc.o
       236         12          0          0          0       1292   stm32f1xx_hal_rcc_ex.o
       604         28          0          0          0       6072   stm32f1xx_hal_tim.o
       104         12          0          0          0       1264   stm32f1xx_hal_tim_ex.o
      1200         10          0          0          0       7256   stm32f1xx_hal_uart.o
        72         22          0          0          0       5017   stm32f1xx_it.o
         2          0         24          4          0       1059   system_stm32f1xx.o
       144         18          0          0         72       1534   tim.o
       184         20          0          0         72       1598   usart.o

    ----------------------------------------------------------------------
      8686        612        312         60       3900     546463   Object Totals
         0          0         32          0          0          0   (incl. Generated)
        20          0          2          2          4          0   (incl. Padding)

    ----------------------------------------------------------------------

      Code (inc. data)   RO Data    RW Data    ZI Data      Debug   Library Member Name

         8          0          0          0          0         68   __main.o
       284          0          0          0          0        156   __printf_wp.o
         0          0          0          0          0          0   __rtentry.o
        12          0          0          0          0          0   __rtentry2.o
         6          0          0          0          0          0   __rtentry4.o
        52          8          0          0          0          0   __scatter.o
        26          0          0          0          0          0   __scatter_copy.o
        28          0          0          0          0          0   __scatter_zi.o
        48          6          0          0          0         96   _printf_char_common.o
        36          4          0          0          0         80   _printf_char_file.o
         6          0          0          0          0          0   _printf_f.o
      1050          0          0          0          0        216   _printf_fp_dec.o
       128         16          0          0          0         84   _printf_fp_infnan.o
         0          0          0          0          0          0   _printf_percent.o
         4          0          0          0          0          0   _printf_percent_end.o
       220          4        148          0          0         96   bigflt0.o
      1910        128          0          0          0        672   btod.o
        12          0          0          0          0         72   exit.o
         8          0          0          0          0         68   ferror.o
         6          0          0          0          0        152   heapauxi.o
         0          0          0          0          0          0   indicate_semi.o
        44         10         28          0          0         76   lc_numeric_c.o
         2          0          0          0          0          0   libinit.o
        18          0          0          0          0          0   libinit2.o
         2          0          0          0          0          0   libshutdown.o
         2          0          0          0          0          0   libshutdown2.o
         8          4          0          0         96         68   libspace.o
       138          0          0          0          0         80   lludiv10.o
        24          4          0          0          0         84   noretval__2printf.o
         8          4          0          0          0         68   rt_locale_intlibspace.o
        78          0          0          0          0         80   rt_memclr_w.o
         2          0          0          0          0          0   rtexit.o
        10          0          0          0          0          0   rtexit2.o
       128          0          0          0          0         68   strcmpv7m.o
        12          4          0          0          0         68   sys_exit.o
        74          0          0          0          0         80   sys_stackheap_outer.o
         2          0          0          0          0         68   use_no_semi.o
       804         16          0          0          0        272   daddsub_clz.o
        24          0          0          0          0         68   dcmpi.o
       688        140          0          0          0        208   ddiv.o
        90          4          0          0          0         92   dfixu.o
        38          0          0          0          0         68   dflt_clz.o
       120          4          0          0          0         92   dleqf.o
       340         12          0          0          0        104   dmul.o
       156          4          0          0          0         92   dnaninf.o
        12          0          0          0          0         68   dretinf.o
       108          0          0          0          0         80   drleqf.o
        86          4          0          0          0         84   f2d.o
       388         76          0          0          0         96   fdiv.o
        38          0          0          0          0         68   fflt_clz.o
       140          4          0          0          0         84   fnaninf.o
        10          0          0          0          0         68   fretinf.o
         4          0          0          0          0         68   printf1.o
         0          0          0          0          0          0   usenofp.o
        40          0          0          0          0         68   fpclassify.o

    ----------------------------------------------------------------------
      7490        456        176          0         96       4180   Library Totals
         8          0          0          0          0          0   (incl. Padding)

    ----------------------------------------------------------------------

      Code (inc. data)   RO Data    RW Data    ZI Data      Debug   Library Name

      4396        192        176          0         96       2500   c_w.l
      3046        264          0          0          0       1612   fz_ws.l
        40          0          0          0          0         68   m_ws.l

    ----------------------------------------------------------------------
      7490        456        176          0         96       4180   Library Totals

    ----------------------------------------------------------------------

==============================================================================


      Code (inc. data)   RO Data    RW Data    ZI Data      Debug   

     16176       1068        488         60       3996     543515   Grand Totals
     16176       1068        488         60       3996     543515   ELF Image Totals
     16176       1068        488         60          0          0   ROM Totals

==============================================================================

    Total RO  Size (Code + RO Data)                16664 (  16.27kB)
    Total RW  Size (RW Data + ZI Data)              4056 (   3.96kB)
    Total ROM Size (Code + RO Data + RW Data)      16724 (  16.33kB)

==============================================================================

